Archive member included to satisfy reference by file (symbol)

/Applications/microchip/xc8/v2.50/avr/bin/../lib/gcc/avr/5.4.0/avr5/libgcc.a(_udivmodqi4.o)
                              build/default/production/I2C.o (__udivmodqi4)
/Applications/microchip/xc8/v2.50/avr/bin/../lib/gcc/avr/5.4.0/avr5/libgcc.a(_divmodhi4.o)
                              build/default/production/LCD_GFX.o (__divmodhi4)
/Applications/microchip/xc8/v2.50/avr/bin/../lib/gcc/avr/5.4.0/avr5/libgcc.a(_copy_data.o)
                              build/default/production/old/ST7735.o (__do_copy_data)
/Applications/microchip/xc8/v2.50/avr/bin/../lib/gcc/avr/5.4.0/avr5/libgcc.a(_udivmodhi4.o)
                              /Applications/microchip/xc8/v2.50/avr/bin/../lib/gcc/avr/5.4.0/avr5/libgcc.a(_divmodhi4.o) (__udivmodhi4)
/Applications/microchip/xc8/v2.50/avr/bin/../lib/gcc/avr/5.4.0/../../../../avr/lib/avr5/libc.a(exit.o)
                              /Applications/microchip/mplabx/v6.20/packs/Microchip/ATmega_DFP/3.1.264/xc8/avr/lib/avr5/crtatmega328pb.o (exit)
/Applications/microchip/xc8/v2.50/avr/bin/../lib/gcc/avr/5.4.0/../../../../avr/lib/avr5/libc.a(__sio_printf_doux.o)
                              build/default/production/newmain.o (_printf_cdopuxX)
/Applications/microchip/xc8/v2.50/avr/bin/../lib/gcc/avr/5.4.0/../../../../avr/lib/avr5/libc.a(__sio_sprintf_doux.o)
                              build/default/production/newmain.o (_sprintf_cdopuxX)
/Applications/microchip/xc8/v2.50/avr/bin/../lib/gcc/avr/5.4.0/../../../../avr/lib/avr5/libc.a(__fmt_d.o)
                              /Applications/microchip/xc8/v2.50/avr/bin/../lib/gcc/avr/5.4.0/../../../../avr/lib/avr5/libc.a(__sio_printf_doux.o) (__fmt_d_needed)
/Applications/microchip/xc8/v2.50/avr/bin/../lib/gcc/avr/5.4.0/../../../../avr/lib/avr5/libc.a(__fmt_o.o)
                              /Applications/microchip/xc8/v2.50/avr/bin/../lib/gcc/avr/5.4.0/../../../../avr/lib/avr5/libc.a(__sio_printf_doux.o) (__fmt_o_needed)
/Applications/microchip/xc8/v2.50/avr/bin/../lib/gcc/avr/5.4.0/../../../../avr/lib/avr5/libc.a(__fmt_s.o)
                              /Applications/microchip/xc8/v2.50/avr/bin/../lib/gcc/avr/5.4.0/../../../../avr/lib/avr5/libc.a(__sio_printf_doux.o) (__fmt_s_needed)
/Applications/microchip/xc8/v2.50/avr/bin/../lib/gcc/avr/5.4.0/../../../../avr/lib/avr5/libc.a(__fmt_u.o)
                              /Applications/microchip/xc8/v2.50/avr/bin/../lib/gcc/avr/5.4.0/../../../../avr/lib/avr5/libc.a(__fmt_d.o) (__cvt_u)
/Applications/microchip/xc8/v2.50/avr/bin/../lib/gcc/avr/5.4.0/../../../../avr/lib/avr5/libc.a(__fmt_x.o)
                              /Applications/microchip/xc8/v2.50/avr/bin/../lib/gcc/avr/5.4.0/../../../../avr/lib/avr5/libc.a(__sio_printf_doux.o) (__fmt_x_needed)
/Applications/microchip/xc8/v2.50/avr/bin/../lib/gcc/avr/5.4.0/../../../../avr/lib/avr5/libc.a(__pop_int.o)
                              /Applications/microchip/xc8/v2.50/avr/bin/../lib/gcc/avr/5.4.0/../../../../avr/lib/avr5/libc.a(__sio_printf_doux.o) (__pop_int_needed)
/Applications/microchip/xc8/v2.50/avr/bin/../lib/gcc/avr/5.4.0/../../../../avr/lib/avr5/libc.a(__printf_core.o)
                              /Applications/microchip/xc8/v2.50/avr/bin/../lib/gcc/avr/5.4.0/../../../../avr/lib/avr5/libc.a(__fmt_d.o) (__pad)
/Applications/microchip/xc8/v2.50/avr/bin/../lib/gcc/avr/5.4.0/../../../../avr/lib/avr5/libc.a(fputc.o)
                              /Applications/microchip/xc8/v2.50/avr/bin/../lib/gcc/avr/5.4.0/../../../../avr/lib/avr5/libc.a(__printf_core.o) (fputc)
/Applications/microchip/xc8/v2.50/avr/bin/../lib/gcc/avr/5.4.0/../../../../avr/lib/avr5/libc.a(stdout.o)
                              /Applications/microchip/xc8/v2.50/avr/bin/../lib/gcc/avr/5.4.0/../../../../avr/lib/avr5/libc.a(__sio_printf_doux.o) (_stdout)
/Applications/microchip/xc8/v2.50/avr/bin/../lib/gcc/avr/5.4.0/../../../../avr/lib/avr5/libc.a(strlen.o)
                              /Applications/microchip/xc8/v2.50/avr/bin/../lib/gcc/avr/5.4.0/../../../../avr/lib/avr5/libc.a(__fmt_s.o) (strlen)
/Applications/microchip/xc8/v2.50/avr/bin/../lib/gcc/avr/5.4.0/../../../../avr/lib/avr5/libc.a(tolower.o)
                              /Applications/microchip/xc8/v2.50/avr/bin/../lib/gcc/avr/5.4.0/../../../../avr/lib/avr5/libc.a(__printf_core.o) (tolower)
/Applications/microchip/xc8/v2.50/avr/bin/../lib/gcc/avr/5.4.0/../../../../avr/lib/avr5/libc.a(toupper.o)
                              /Applications/microchip/xc8/v2.50/avr/bin/../lib/gcc/avr/5.4.0/../../../../avr/lib/avr5/libc.a(__fmt_x.o) (toupper)
/Applications/microchip/xc8/v2.50/avr/bin/../lib/gcc/avr/5.4.0/../../../../avr/lib/avr5/libc.a(errno.o)
                              /Applications/microchip/xc8/v2.50/avr/bin/../lib/gcc/avr/5.4.0/../../../../avr/lib/avr5/libc.a(__printf_core.o) (__errno_val)
/Applications/microchip/xc8/v2.50/avr/bin/../lib/gcc/avr/5.4.0/../../../../avr/lib/avr5/libc.a(_Exit.o)
                              /Applications/microchip/xc8/v2.50/avr/bin/../lib/gcc/avr/5.4.0/../../../../avr/lib/avr5/libc.a(exit.o) (_Exit)
/Applications/microchip/xc8/v2.50/avr/bin/../lib/gcc/avr/5.4.0/../../../../avr/lib/avr5/libc.a(__int_vfprintf.o)
                              /Applications/microchip/xc8/v2.50/avr/bin/../lib/gcc/avr/5.4.0/../../../../avr/lib/avr5/libc.a(__sio_printf_doux.o) (__vfprintf)
/Applications/microchip/xc8/v2.50/avr/bin/../lib/gcc/avr/5.4.0/../../../../avr/lib/avr5/libc.a(__int_vsprintf.o)
                              /Applications/microchip/xc8/v2.50/avr/bin/../lib/gcc/avr/5.4.0/../../../../avr/lib/avr5/libc.a(__sio_sprintf_doux.o) (__vsprintf)
/Applications/microchip/xc8/v2.50/avr/bin/../lib/gcc/avr/5.4.0/../../../../avr/lib/avr5/libc.a(__int_vsnprintf.o)
                              /Applications/microchip/xc8/v2.50/avr/bin/../lib/gcc/avr/5.4.0/../../../../avr/lib/avr5/libc.a(__int_vsprintf.o) (__vsnprintf)
/Applications/microchip/xc8/v2.50/avr/bin/../lib/gcc/avr/5.4.0/avr5/libgcc.a(_udivmodsi4.o)
                              /Applications/microchip/xc8/v2.50/avr/bin/../lib/gcc/avr/5.4.0/../../../../avr/lib/avr5/libc.a(__fmt_u.o) (__udivmodsi4)
/Applications/microchip/xc8/v2.50/avr/bin/../lib/gcc/avr/5.4.0/avr5/libgcc.a(_exit.o)
                              /Applications/microchip/xc8/v2.50/avr/bin/../lib/gcc/avr/5.4.0/../../../../avr/lib/avr5/libc.a(_Exit.o) (_exit)
/Applications/microchip/xc8/v2.50/avr/bin/../lib/gcc/avr/5.4.0/avr5/libgcc.a(_prologue.o)
                              /Applications/microchip/xc8/v2.50/avr/bin/../lib/gcc/avr/5.4.0/../../../../avr/lib/avr5/libc.a(__sio_printf_doux.o) (__prologue_saves__)
/Applications/microchip/xc8/v2.50/avr/bin/../lib/gcc/avr/5.4.0/avr5/libgcc.a(_epilogue.o)
                              /Applications/microchip/xc8/v2.50/avr/bin/../lib/gcc/avr/5.4.0/../../../../avr/lib/avr5/libc.a(__sio_printf_doux.o) (__epilogue_restores__)

Allocating common symbols
Common symbol       size              file

__stdout_used       0x2               /Applications/microchip/xc8/v2.50/avr/bin/../lib/gcc/avr/5.4.0/../../../../avr/lib/avr5/libc.a(stdout.o)
__errno_val         0x2               /Applications/microchip/xc8/v2.50/avr/bin/../lib/gcc/avr/5.4.0/../../../../avr/lib/avr5/libc.a(errno.o)

Discarded input sections

 .data          0x0000000000000000        0x0 /Applications/microchip/mplabx/v6.20/packs/Microchip/ATmega_DFP/3.1.264/xc8/avr/lib/avr5/crtatmega328pb.o
 .bss           0x0000000000000000        0x0 /Applications/microchip/mplabx/v6.20/packs/Microchip/ATmega_DFP/3.1.264/xc8/avr/lib/avr5/crtatmega328pb.o
 .text          0x0000000000000000        0x0 build/default/production/old/ST7735.o
 .data          0x0000000000000000        0x0 build/default/production/old/ST7735.o
 .bss           0x0000000000000000        0x0 build/default/production/old/ST7735.o
 .text.SPI_ControllerTx
                0x0000000000000000        0xa build/default/production/old/ST7735.o
 .text.SPI_ControllerTx_16bit_stream
                0x0000000000000000       0x1e build/default/production/old/ST7735.o
 .text.LCD_brightness
                0x0000000000000000        0x4 build/default/production/old/ST7735.o
 .text.LCD_rotate
                0x0000000000000000       0x4c build/default/production/old/ST7735.o
 .text          0x0000000000000000        0x0 build/default/production/newmain.o
 .data          0x0000000000000000        0x0 build/default/production/newmain.o
 .bss           0x0000000000000000        0x0 build/default/production/newmain.o
 .text.parse_input
                0x0000000000000000       0xd4 build/default/production/newmain.o
 .bss.start     0x0000000000000000        0x1 build/default/production/newmain.o
 .text          0x0000000000000000        0x0 build/default/production/game.o
 .data          0x0000000000000000        0x0 build/default/production/game.o
 .bss           0x0000000000000000        0x0 build/default/production/game.o
 .text.drawCatcher
                0x0000000000000000       0x20 build/default/production/game.o
 .text.clearCatcher
                0x0000000000000000       0x30 build/default/production/game.o
 .text.drawHitter
                0x0000000000000000       0x20 build/default/production/game.o
 .text          0x0000000000000000        0x0 build/default/production/UART.o
 .data          0x0000000000000000        0x0 build/default/production/UART.o
 .bss           0x0000000000000000        0x0 build/default/production/UART.o
 .text          0x0000000000000000        0x0 build/default/production/UART1.o
 .data          0x0000000000000000        0x0 build/default/production/UART1.o
 .bss           0x0000000000000000        0x0 build/default/production/UART1.o
 .text.UART1_send
                0x0000000000000000       0x10 build/default/production/UART1.o
 .text.UART1_putstring
                0x0000000000000000       0x1e build/default/production/UART1.o
 .text          0x0000000000000000        0x0 build/default/production/I2C.o
 .data          0x0000000000000000        0x0 build/default/production/I2C.o
 .bss           0x0000000000000000        0x0 build/default/production/I2C.o
 .text.I2C_Init
                0x0000000000000000       0x2a build/default/production/I2C.o
 .text.I2C_Start
                0x0000000000000000       0x16 build/default/production/I2C.o
 .text.I2C_SendAddress
                0x0000000000000000       0x20 build/default/production/I2C.o
 .text.I2C_ReadData
                0x0000000000000000       0x22 build/default/production/I2C.o
 .text.I2C_WriteData
                0x0000000000000000       0x1a build/default/production/I2C.o
 .text.I2C_Stop
                0x0000000000000000        0x8 build/default/production/I2C.o
 .debug_info    0x0000000000000000      0x38b build/default/production/I2C.o
 .debug_abbrev  0x0000000000000000       0xa7 build/default/production/I2C.o
 .debug_loc     0x0000000000000000       0xfe build/default/production/I2C.o
 .debug_aranges
                0x0000000000000000       0x48 build/default/production/I2C.o
 .debug_ranges  0x0000000000000000       0x38 build/default/production/I2C.o
 .debug_line    0x0000000000000000      0x16c build/default/production/I2C.o
 .debug_str     0x0000000000000000        0x0 build/default/production/I2C.o
 .comment       0x0000000000000000       0x30 build/default/production/I2C.o
 .debug_frame   0x0000000000000000       0x74 build/default/production/I2C.o
 .text          0x0000000000000000        0x0 build/default/production/imu.o
 .data          0x0000000000000000        0x0 build/default/production/imu.o
 .bss           0x0000000000000000        0x0 build/default/production/imu.o
 .text.IMU_Init
                0x0000000000000000       0x3a build/default/production/imu.o
 .text.IMU_ReadAxis
                0x0000000000000000       0x64 build/default/production/imu.o
 .debug_info    0x0000000000000000      0x4a5 build/default/production/imu.o
 .debug_abbrev  0x0000000000000000       0xb8 build/default/production/imu.o
 .debug_loc     0x0000000000000000       0x9f build/default/production/imu.o
 .debug_aranges
                0x0000000000000000       0x28 build/default/production/imu.o
 .debug_ranges  0x0000000000000000       0x18 build/default/production/imu.o
 .debug_line    0x0000000000000000      0x127 build/default/production/imu.o
 .debug_str     0x0000000000000000       0x3e build/default/production/imu.o
 .comment       0x0000000000000000       0x30 build/default/production/imu.o
 .debug_frame   0x0000000000000000       0x40 build/default/production/imu.o
 .text          0x0000000000000000        0x0 build/default/production/LCD_GFX.o
 .data          0x0000000000000000        0x0 build/default/production/LCD_GFX.o
 .bss           0x0000000000000000        0x0 build/default/production/LCD_GFX.o
 .text.LCD_drawChar
                0x0000000000000000       0xc0 build/default/production/LCD_GFX.o
 .text          0x0000000000000000        0x0 /Applications/microchip/xc8/v2.50/avr/bin/../lib/gcc/avr/5.4.0/avr5/libgcc.a(_udivmodqi4.o)
 .data          0x0000000000000000        0x0 /Applications/microchip/xc8/v2.50/avr/bin/../lib/gcc/avr/5.4.0/avr5/libgcc.a(_udivmodqi4.o)
 .bss           0x0000000000000000        0x0 /Applications/microchip/xc8/v2.50/avr/bin/../lib/gcc/avr/5.4.0/avr5/libgcc.a(_udivmodqi4.o)
 .text.libgcc.mul
                0x0000000000000000        0x0 /Applications/microchip/xc8/v2.50/avr/bin/../lib/gcc/avr/5.4.0/avr5/libgcc.a(_udivmodqi4.o)
 .text.libgcc.div
                0x0000000000000000       0x18 /Applications/microchip/xc8/v2.50/avr/bin/../lib/gcc/avr/5.4.0/avr5/libgcc.a(_udivmodqi4.o)
 .stack.descriptors.hdr
                0x0000000000000000        0xe /Applications/microchip/xc8/v2.50/avr/bin/../lib/gcc/avr/5.4.0/avr5/libgcc.a(_udivmodqi4.o)
 .stack.descriptors
                0x0000000000000000       0x1a /Applications/microchip/xc8/v2.50/avr/bin/../lib/gcc/avr/5.4.0/avr5/libgcc.a(_udivmodqi4.o)
 .text.libgcc   0x0000000000000000        0x0 /Applications/microchip/xc8/v2.50/avr/bin/../lib/gcc/avr/5.4.0/avr5/libgcc.a(_udivmodqi4.o)
 .text.libgcc.prologue
                0x0000000000000000        0x0 /Applications/microchip/xc8/v2.50/avr/bin/../lib/gcc/avr/5.4.0/avr5/libgcc.a(_udivmodqi4.o)
 .text.libgcc.builtins
                0x0000000000000000        0x0 /Applications/microchip/xc8/v2.50/avr/bin/../lib/gcc/avr/5.4.0/avr5/libgcc.a(_udivmodqi4.o)
 .text.libgcc.fmul
                0x0000000000000000        0x0 /Applications/microchip/xc8/v2.50/avr/bin/../lib/gcc/avr/5.4.0/avr5/libgcc.a(_udivmodqi4.o)
 .text.libgcc.fixed
                0x0000000000000000        0x0 /Applications/microchip/xc8/v2.50/avr/bin/../lib/gcc/avr/5.4.0/avr5/libgcc.a(_udivmodqi4.o)
 .text          0x0000000000000000        0x0 /Applications/microchip/xc8/v2.50/avr/bin/../lib/gcc/avr/5.4.0/avr5/libgcc.a(_divmodhi4.o)
 .data          0x0000000000000000        0x0 /Applications/microchip/xc8/v2.50/avr/bin/../lib/gcc/avr/5.4.0/avr5/libgcc.a(_divmodhi4.o)
 .bss           0x0000000000000000        0x0 /Applications/microchip/xc8/v2.50/avr/bin/../lib/gcc/avr/5.4.0/avr5/libgcc.a(_divmodhi4.o)
 .text.libgcc.mul
                0x0000000000000000        0x0 /Applications/microchip/xc8/v2.50/avr/bin/../lib/gcc/avr/5.4.0/avr5/libgcc.a(_divmodhi4.o)
 .stack.descriptors
                0x0000000000000000       0x19 /Applications/microchip/xc8/v2.50/avr/bin/../lib/gcc/avr/5.4.0/avr5/libgcc.a(_divmodhi4.o)
 .text.libgcc   0x0000000000000000        0x0 /Applications/microchip/xc8/v2.50/avr/bin/../lib/gcc/avr/5.4.0/avr5/libgcc.a(_divmodhi4.o)
 .text.libgcc.prologue
                0x0000000000000000        0x0 /Applications/microchip/xc8/v2.50/avr/bin/../lib/gcc/avr/5.4.0/avr5/libgcc.a(_divmodhi4.o)
 .text.libgcc.builtins
                0x0000000000000000        0x0 /Applications/microchip/xc8/v2.50/avr/bin/../lib/gcc/avr/5.4.0/avr5/libgcc.a(_divmodhi4.o)
 .text.libgcc.fmul
                0x0000000000000000        0x0 /Applications/microchip/xc8/v2.50/avr/bin/../lib/gcc/avr/5.4.0/avr5/libgcc.a(_divmodhi4.o)
 .text.libgcc.fixed
                0x0000000000000000        0x0 /Applications/microchip/xc8/v2.50/avr/bin/../lib/gcc/avr/5.4.0/avr5/libgcc.a(_divmodhi4.o)
 .text          0x0000000000000000        0x0 /Applications/microchip/xc8/v2.50/avr/bin/../lib/gcc/avr/5.4.0/avr5/libgcc.a(_copy_data.o)
 .data          0x0000000000000000        0x0 /Applications/microchip/xc8/v2.50/avr/bin/../lib/gcc/avr/5.4.0/avr5/libgcc.a(_copy_data.o)
 .bss           0x0000000000000000        0x0 /Applications/microchip/xc8/v2.50/avr/bin/../lib/gcc/avr/5.4.0/avr5/libgcc.a(_copy_data.o)
 .text.libgcc.mul
                0x0000000000000000        0x0 /Applications/microchip/xc8/v2.50/avr/bin/../lib/gcc/avr/5.4.0/avr5/libgcc.a(_copy_data.o)
 .text.libgcc.div
                0x0000000000000000        0x0 /Applications/microchip/xc8/v2.50/avr/bin/../lib/gcc/avr/5.4.0/avr5/libgcc.a(_copy_data.o)
 .text.libgcc   0x0000000000000000        0x0 /Applications/microchip/xc8/v2.50/avr/bin/../lib/gcc/avr/5.4.0/avr5/libgcc.a(_copy_data.o)
 .text.libgcc.prologue
                0x0000000000000000        0x0 /Applications/microchip/xc8/v2.50/avr/bin/../lib/gcc/avr/5.4.0/avr5/libgcc.a(_copy_data.o)
 .text.libgcc.builtins
                0x0000000000000000        0x0 /Applications/microchip/xc8/v2.50/avr/bin/../lib/gcc/avr/5.4.0/avr5/libgcc.a(_copy_data.o)
 .text.libgcc.fmul
                0x0000000000000000        0x0 /Applications/microchip/xc8/v2.50/avr/bin/../lib/gcc/avr/5.4.0/avr5/libgcc.a(_copy_data.o)
 .text.libgcc.fixed
                0x0000000000000000        0x0 /Applications/microchip/xc8/v2.50/avr/bin/../lib/gcc/avr/5.4.0/avr5/libgcc.a(_copy_data.o)
 .text          0x0000000000000000        0x0 /Applications/microchip/xc8/v2.50/avr/bin/../lib/gcc/avr/5.4.0/avr5/libgcc.a(_udivmodhi4.o)
 .data          0x0000000000000000        0x0 /Applications/microchip/xc8/v2.50/avr/bin/../lib/gcc/avr/5.4.0/avr5/libgcc.a(_udivmodhi4.o)
 .bss           0x0000000000000000        0x0 /Applications/microchip/xc8/v2.50/avr/bin/../lib/gcc/avr/5.4.0/avr5/libgcc.a(_udivmodhi4.o)
 .text.libgcc.mul
                0x0000000000000000        0x0 /Applications/microchip/xc8/v2.50/avr/bin/../lib/gcc/avr/5.4.0/avr5/libgcc.a(_udivmodhi4.o)
 .stack.descriptors
                0x0000000000000000       0x1a /Applications/microchip/xc8/v2.50/avr/bin/../lib/gcc/avr/5.4.0/avr5/libgcc.a(_udivmodhi4.o)
 .text.libgcc   0x0000000000000000        0x0 /Applications/microchip/xc8/v2.50/avr/bin/../lib/gcc/avr/5.4.0/avr5/libgcc.a(_udivmodhi4.o)
 .text.libgcc.prologue
                0x0000000000000000        0x0 /Applications/microchip/xc8/v2.50/avr/bin/../lib/gcc/avr/5.4.0/avr5/libgcc.a(_udivmodhi4.o)
 .text.libgcc.builtins
                0x0000000000000000        0x0 /Applications/microchip/xc8/v2.50/avr/bin/../lib/gcc/avr/5.4.0/avr5/libgcc.a(_udivmodhi4.o)
 .text.libgcc.fmul
                0x0000000000000000        0x0 /Applications/microchip/xc8/v2.50/avr/bin/../lib/gcc/avr/5.4.0/avr5/libgcc.a(_udivmodhi4.o)
 .text.libgcc.fixed
                0x0000000000000000        0x0 /Applications/microchip/xc8/v2.50/avr/bin/../lib/gcc/avr/5.4.0/avr5/libgcc.a(_udivmodhi4.o)
 .text          0x0000000000000000        0x0 /Applications/microchip/xc8/v2.50/avr/bin/../lib/gcc/avr/5.4.0/../../../../avr/lib/avr5/libc.a(exit.o)
 .data          0x0000000000000000        0x0 /Applications/microchip/xc8/v2.50/avr/bin/../lib/gcc/avr/5.4.0/../../../../avr/lib/avr5/libc.a(exit.o)
 .bss           0x0000000000000000        0x0 /Applications/microchip/xc8/v2.50/avr/bin/../lib/gcc/avr/5.4.0/../../../../avr/lib/avr5/libc.a(exit.o)
 .stack.descriptors
                0x0000000000000000       0x73 /Applications/microchip/xc8/v2.50/avr/bin/../lib/gcc/avr/5.4.0/../../../../avr/lib/avr5/libc.a(exit.o)
 .text          0x0000000000000000        0x0 /Applications/microchip/xc8/v2.50/avr/bin/../lib/gcc/avr/5.4.0/../../../../avr/lib/avr5/libc.a(__sio_printf_doux.o)
 .data          0x0000000000000000        0x0 /Applications/microchip/xc8/v2.50/avr/bin/../lib/gcc/avr/5.4.0/../../../../avr/lib/avr5/libc.a(__sio_printf_doux.o)
 .bss           0x0000000000000000        0x0 /Applications/microchip/xc8/v2.50/avr/bin/../lib/gcc/avr/5.4.0/../../../../avr/lib/avr5/libc.a(__sio_printf_doux.o)
 .stack.descriptors
                0x0000000000000000       0x3a /Applications/microchip/xc8/v2.50/avr/bin/../lib/gcc/avr/5.4.0/../../../../avr/lib/avr5/libc.a(__sio_printf_doux.o)
 .text.__wrap_printf
                0x0000000000000000       0x30 /Applications/microchip/xc8/v2.50/avr/bin/../lib/gcc/avr/5.4.0/../../../../avr/lib/avr5/libc.a(__sio_printf_doux.o)
 .text.__sio_printf_doux
                0x0000000000000000       0x1a /Applications/microchip/xc8/v2.50/avr/bin/../lib/gcc/avr/5.4.0/../../../../avr/lib/avr5/libc.a(__sio_printf_doux.o)
 .comment       0x0000000000000000       0x2d /Applications/microchip/xc8/v2.50/avr/bin/../lib/gcc/avr/5.4.0/../../../../avr/lib/avr5/libc.a(__sio_printf_doux.o)
 .stack.descriptors.hdr
                0x0000000000000000        0xe /Applications/microchip/xc8/v2.50/avr/bin/../lib/gcc/avr/5.4.0/../../../../avr/lib/avr5/libc.a(__sio_printf_doux.o)
 .note.GNU-stack
                0x0000000000000000        0x0 /Applications/microchip/xc8/v2.50/avr/bin/../lib/gcc/avr/5.4.0/../../../../avr/lib/avr5/libc.a(__sio_printf_doux.o)
 .text          0x0000000000000000        0x0 /Applications/microchip/xc8/v2.50/avr/bin/../lib/gcc/avr/5.4.0/../../../../avr/lib/avr5/libc.a(__sio_sprintf_doux.o)
 .data          0x0000000000000000        0x0 /Applications/microchip/xc8/v2.50/avr/bin/../lib/gcc/avr/5.4.0/../../../../avr/lib/avr5/libc.a(__sio_sprintf_doux.o)
 .bss           0x0000000000000000        0x0 /Applications/microchip/xc8/v2.50/avr/bin/../lib/gcc/avr/5.4.0/../../../../avr/lib/avr5/libc.a(__sio_sprintf_doux.o)
 .stack.descriptors
                0x0000000000000000       0x3c /Applications/microchip/xc8/v2.50/avr/bin/../lib/gcc/avr/5.4.0/../../../../avr/lib/avr5/libc.a(__sio_sprintf_doux.o)
 .text.__sio_sprintf_doux
                0x0000000000000000       0x1a /Applications/microchip/xc8/v2.50/avr/bin/../lib/gcc/avr/5.4.0/../../../../avr/lib/avr5/libc.a(__sio_sprintf_doux.o)
 .text          0x0000000000000000        0x0 /Applications/microchip/xc8/v2.50/avr/bin/../lib/gcc/avr/5.4.0/../../../../avr/lib/avr5/libc.a(__fmt_d.o)
 .data          0x0000000000000000        0x0 /Applications/microchip/xc8/v2.50/avr/bin/../lib/gcc/avr/5.4.0/../../../../avr/lib/avr5/libc.a(__fmt_d.o)
 .bss           0x0000000000000000        0x0 /Applications/microchip/xc8/v2.50/avr/bin/../lib/gcc/avr/5.4.0/../../../../avr/lib/avr5/libc.a(__fmt_d.o)
 .stack.descriptors
                0x0000000000000000       0x15 /Applications/microchip/xc8/v2.50/avr/bin/../lib/gcc/avr/5.4.0/../../../../avr/lib/avr5/libc.a(__fmt_d.o)
 .text          0x0000000000000000        0x0 /Applications/microchip/xc8/v2.50/avr/bin/../lib/gcc/avr/5.4.0/../../../../avr/lib/avr5/libc.a(__fmt_o.o)
 .data          0x0000000000000000        0x0 /Applications/microchip/xc8/v2.50/avr/bin/../lib/gcc/avr/5.4.0/../../../../avr/lib/avr5/libc.a(__fmt_o.o)
 .bss           0x0000000000000000        0x0 /Applications/microchip/xc8/v2.50/avr/bin/../lib/gcc/avr/5.4.0/../../../../avr/lib/avr5/libc.a(__fmt_o.o)
 .stack.descriptors
                0x0000000000000000       0x15 /Applications/microchip/xc8/v2.50/avr/bin/../lib/gcc/avr/5.4.0/../../../../avr/lib/avr5/libc.a(__fmt_o.o)
 .text          0x0000000000000000        0x0 /Applications/microchip/xc8/v2.50/avr/bin/../lib/gcc/avr/5.4.0/../../../../avr/lib/avr5/libc.a(__fmt_s.o)
 .data          0x0000000000000000        0x0 /Applications/microchip/xc8/v2.50/avr/bin/../lib/gcc/avr/5.4.0/../../../../avr/lib/avr5/libc.a(__fmt_s.o)
 .bss           0x0000000000000000        0x0 /Applications/microchip/xc8/v2.50/avr/bin/../lib/gcc/avr/5.4.0/../../../../avr/lib/avr5/libc.a(__fmt_s.o)
 .stack.descriptors
                0x0000000000000000       0x15 /Applications/microchip/xc8/v2.50/avr/bin/../lib/gcc/avr/5.4.0/../../../../avr/lib/avr5/libc.a(__fmt_s.o)
 .text          0x0000000000000000        0x0 /Applications/microchip/xc8/v2.50/avr/bin/../lib/gcc/avr/5.4.0/../../../../avr/lib/avr5/libc.a(__fmt_u.o)
 .data          0x0000000000000000        0x0 /Applications/microchip/xc8/v2.50/avr/bin/../lib/gcc/avr/5.4.0/../../../../avr/lib/avr5/libc.a(__fmt_u.o)
 .bss           0x0000000000000000        0x0 /Applications/microchip/xc8/v2.50/avr/bin/../lib/gcc/avr/5.4.0/../../../../avr/lib/avr5/libc.a(__fmt_u.o)
 .stack.descriptors
                0x0000000000000000       0x2a /Applications/microchip/xc8/v2.50/avr/bin/../lib/gcc/avr/5.4.0/../../../../avr/lib/avr5/libc.a(__fmt_u.o)
 .text          0x0000000000000000        0x0 /Applications/microchip/xc8/v2.50/avr/bin/../lib/gcc/avr/5.4.0/../../../../avr/lib/avr5/libc.a(__fmt_x.o)
 .data          0x0000000000000000        0x0 /Applications/microchip/xc8/v2.50/avr/bin/../lib/gcc/avr/5.4.0/../../../../avr/lib/avr5/libc.a(__fmt_x.o)
 .bss           0x0000000000000000        0x0 /Applications/microchip/xc8/v2.50/avr/bin/../lib/gcc/avr/5.4.0/../../../../avr/lib/avr5/libc.a(__fmt_x.o)
 .stack.descriptors
                0x0000000000000000       0x15 /Applications/microchip/xc8/v2.50/avr/bin/../lib/gcc/avr/5.4.0/../../../../avr/lib/avr5/libc.a(__fmt_x.o)
 .text          0x0000000000000000        0x0 /Applications/microchip/xc8/v2.50/avr/bin/../lib/gcc/avr/5.4.0/../../../../avr/lib/avr5/libc.a(__pop_int.o)
 .data          0x0000000000000000        0x0 /Applications/microchip/xc8/v2.50/avr/bin/../lib/gcc/avr/5.4.0/../../../../avr/lib/avr5/libc.a(__pop_int.o)
 .bss           0x0000000000000000        0x0 /Applications/microchip/xc8/v2.50/avr/bin/../lib/gcc/avr/5.4.0/../../../../avr/lib/avr5/libc.a(__pop_int.o)
 .stack.descriptors
                0x0000000000000000       0x17 /Applications/microchip/xc8/v2.50/avr/bin/../lib/gcc/avr/5.4.0/../../../../avr/lib/avr5/libc.a(__pop_int.o)
 .text          0x0000000000000000        0x0 /Applications/microchip/xc8/v2.50/avr/bin/../lib/gcc/avr/5.4.0/../../../../avr/lib/avr5/libc.a(__printf_core.o)
 .data          0x0000000000000000        0x0 /Applications/microchip/xc8/v2.50/avr/bin/../lib/gcc/avr/5.4.0/../../../../avr/lib/avr5/libc.a(__printf_core.o)
 .bss           0x0000000000000000        0x0 /Applications/microchip/xc8/v2.50/avr/bin/../lib/gcc/avr/5.4.0/../../../../avr/lib/avr5/libc.a(__printf_core.o)
 .stack.descriptors
                0x0000000000000000       0x91 /Applications/microchip/xc8/v2.50/avr/bin/../lib/gcc/avr/5.4.0/../../../../avr/lib/avr5/libc.a(__printf_core.o)
 .text          0x0000000000000000        0x0 /Applications/microchip/xc8/v2.50/avr/bin/../lib/gcc/avr/5.4.0/../../../../avr/lib/avr5/libc.a(fputc.o)
 .data          0x0000000000000000        0x0 /Applications/microchip/xc8/v2.50/avr/bin/../lib/gcc/avr/5.4.0/../../../../avr/lib/avr5/libc.a(fputc.o)
 .bss           0x0000000000000000        0x0 /Applications/microchip/xc8/v2.50/avr/bin/../lib/gcc/avr/5.4.0/../../../../avr/lib/avr5/libc.a(fputc.o)
 .stack.descriptors
                0x0000000000000000       0x13 /Applications/microchip/xc8/v2.50/avr/bin/../lib/gcc/avr/5.4.0/../../../../avr/lib/avr5/libc.a(fputc.o)
 .text          0x0000000000000000        0x0 /Applications/microchip/xc8/v2.50/avr/bin/../lib/gcc/avr/5.4.0/../../../../avr/lib/avr5/libc.a(stdout.o)
 .data          0x0000000000000000        0x0 /Applications/microchip/xc8/v2.50/avr/bin/../lib/gcc/avr/5.4.0/../../../../avr/lib/avr5/libc.a(stdout.o)
 .bss           0x0000000000000000        0x0 /Applications/microchip/xc8/v2.50/avr/bin/../lib/gcc/avr/5.4.0/../../../../avr/lib/avr5/libc.a(stdout.o)
 .stack.descriptors
                0x0000000000000000       0x1b /Applications/microchip/xc8/v2.50/avr/bin/../lib/gcc/avr/5.4.0/../../../../avr/lib/avr5/libc.a(stdout.o)
 .text.__init_stdout
                0x0000000000000000       0x1e /Applications/microchip/xc8/v2.50/avr/bin/../lib/gcc/avr/5.4.0/../../../../avr/lib/avr5/libc.a(stdout.o)
 .data._stdout  0x0000000000000000        0x2 /Applications/microchip/xc8/v2.50/avr/bin/../lib/gcc/avr/5.4.0/../../../../avr/lib/avr5/libc.a(stdout.o)
 .bss.__stdout  0x0000000000000000        0x2 /Applications/microchip/xc8/v2.50/avr/bin/../lib/gcc/avr/5.4.0/../../../../avr/lib/avr5/libc.a(stdout.o)
 .data.f        0x0000000000000000       0x10 /Applications/microchip/xc8/v2.50/avr/bin/../lib/gcc/avr/5.4.0/../../../../avr/lib/avr5/libc.a(stdout.o)
 .comment       0x0000000000000000       0x2d /Applications/microchip/xc8/v2.50/avr/bin/../lib/gcc/avr/5.4.0/../../../../avr/lib/avr5/libc.a(stdout.o)
 .stack.descriptors.hdr
                0x0000000000000000        0xe /Applications/microchip/xc8/v2.50/avr/bin/../lib/gcc/avr/5.4.0/../../../../avr/lib/avr5/libc.a(stdout.o)
 .note.GNU-stack
                0x0000000000000000        0x0 /Applications/microchip/xc8/v2.50/avr/bin/../lib/gcc/avr/5.4.0/../../../../avr/lib/avr5/libc.a(stdout.o)
 COMMON         0x0000000000000000        0x2 /Applications/microchip/xc8/v2.50/avr/bin/../lib/gcc/avr/5.4.0/../../../../avr/lib/avr5/libc.a(stdout.o)
 .text          0x0000000000000000        0x0 /Applications/microchip/xc8/v2.50/avr/bin/../lib/gcc/avr/5.4.0/../../../../avr/lib/avr5/libc.a(strlen.o)
 .data          0x0000000000000000        0x0 /Applications/microchip/xc8/v2.50/avr/bin/../lib/gcc/avr/5.4.0/../../../../avr/lib/avr5/libc.a(strlen.o)
 .bss           0x0000000000000000        0x0 /Applications/microchip/xc8/v2.50/avr/bin/../lib/gcc/avr/5.4.0/../../../../avr/lib/avr5/libc.a(strlen.o)
 .stack.descriptors
                0x0000000000000000       0x14 /Applications/microchip/xc8/v2.50/avr/bin/../lib/gcc/avr/5.4.0/../../../../avr/lib/avr5/libc.a(strlen.o)
 .text          0x0000000000000000        0x0 /Applications/microchip/xc8/v2.50/avr/bin/../lib/gcc/avr/5.4.0/../../../../avr/lib/avr5/libc.a(tolower.o)
 .data          0x0000000000000000        0x0 /Applications/microchip/xc8/v2.50/avr/bin/../lib/gcc/avr/5.4.0/../../../../avr/lib/avr5/libc.a(tolower.o)
 .bss           0x0000000000000000        0x0 /Applications/microchip/xc8/v2.50/avr/bin/../lib/gcc/avr/5.4.0/../../../../avr/lib/avr5/libc.a(tolower.o)
 .stack.descriptors
                0x0000000000000000       0x2e /Applications/microchip/xc8/v2.50/avr/bin/../lib/gcc/avr/5.4.0/../../../../avr/lib/avr5/libc.a(tolower.o)
 .text.__tolower_l
                0x0000000000000000        0x6 /Applications/microchip/xc8/v2.50/avr/bin/../lib/gcc/avr/5.4.0/../../../../avr/lib/avr5/libc.a(tolower.o)
 .text          0x0000000000000000        0x0 /Applications/microchip/xc8/v2.50/avr/bin/../lib/gcc/avr/5.4.0/../../../../avr/lib/avr5/libc.a(toupper.o)
 .data          0x0000000000000000        0x0 /Applications/microchip/xc8/v2.50/avr/bin/../lib/gcc/avr/5.4.0/../../../../avr/lib/avr5/libc.a(toupper.o)
 .bss           0x0000000000000000        0x0 /Applications/microchip/xc8/v2.50/avr/bin/../lib/gcc/avr/5.4.0/../../../../avr/lib/avr5/libc.a(toupper.o)
 .stack.descriptors
                0x0000000000000000       0x2e /Applications/microchip/xc8/v2.50/avr/bin/../lib/gcc/avr/5.4.0/../../../../avr/lib/avr5/libc.a(toupper.o)
 .text.__toupper_l
                0x0000000000000000        0x6 /Applications/microchip/xc8/v2.50/avr/bin/../lib/gcc/avr/5.4.0/../../../../avr/lib/avr5/libc.a(toupper.o)
 .text          0x0000000000000000        0x0 /Applications/microchip/xc8/v2.50/avr/bin/../lib/gcc/avr/5.4.0/../../../../avr/lib/avr5/libc.a(errno.o)
 .data          0x0000000000000000        0x0 /Applications/microchip/xc8/v2.50/avr/bin/../lib/gcc/avr/5.4.0/../../../../avr/lib/avr5/libc.a(errno.o)
 .bss           0x0000000000000000        0x0 /Applications/microchip/xc8/v2.50/avr/bin/../lib/gcc/avr/5.4.0/../../../../avr/lib/avr5/libc.a(errno.o)
 .text          0x0000000000000000        0x0 /Applications/microchip/xc8/v2.50/avr/bin/../lib/gcc/avr/5.4.0/../../../../avr/lib/avr5/libc.a(_Exit.o)
 .data          0x0000000000000000        0x0 /Applications/microchip/xc8/v2.50/avr/bin/../lib/gcc/avr/5.4.0/../../../../avr/lib/avr5/libc.a(_Exit.o)
 .bss           0x0000000000000000        0x0 /Applications/microchip/xc8/v2.50/avr/bin/../lib/gcc/avr/5.4.0/../../../../avr/lib/avr5/libc.a(_Exit.o)
 .stack.descriptors
                0x0000000000000000       0x13 /Applications/microchip/xc8/v2.50/avr/bin/../lib/gcc/avr/5.4.0/../../../../avr/lib/avr5/libc.a(_Exit.o)
 .text          0x0000000000000000        0x0 /Applications/microchip/xc8/v2.50/avr/bin/../lib/gcc/avr/5.4.0/../../../../avr/lib/avr5/libc.a(__int_vfprintf.o)
 .data          0x0000000000000000        0x0 /Applications/microchip/xc8/v2.50/avr/bin/../lib/gcc/avr/5.4.0/../../../../avr/lib/avr5/libc.a(__int_vfprintf.o)
 .bss           0x0000000000000000        0x0 /Applications/microchip/xc8/v2.50/avr/bin/../lib/gcc/avr/5.4.0/../../../../avr/lib/avr5/libc.a(__int_vfprintf.o)
 .stack.descriptors
                0x0000000000000000       0x18 /Applications/microchip/xc8/v2.50/avr/bin/../lib/gcc/avr/5.4.0/../../../../avr/lib/avr5/libc.a(__int_vfprintf.o)
 .text          0x0000000000000000        0x0 /Applications/microchip/xc8/v2.50/avr/bin/../lib/gcc/avr/5.4.0/../../../../avr/lib/avr5/libc.a(__int_vsprintf.o)
 .data          0x0000000000000000        0x0 /Applications/microchip/xc8/v2.50/avr/bin/../lib/gcc/avr/5.4.0/../../../../avr/lib/avr5/libc.a(__int_vsprintf.o)
 .bss           0x0000000000000000        0x0 /Applications/microchip/xc8/v2.50/avr/bin/../lib/gcc/avr/5.4.0/../../../../avr/lib/avr5/libc.a(__int_vsprintf.o)
 .stack.descriptors
                0x0000000000000000       0x18 /Applications/microchip/xc8/v2.50/avr/bin/../lib/gcc/avr/5.4.0/../../../../avr/lib/avr5/libc.a(__int_vsprintf.o)
 .text          0x0000000000000000        0x0 /Applications/microchip/xc8/v2.50/avr/bin/../lib/gcc/avr/5.4.0/../../../../avr/lib/avr5/libc.a(__int_vsnprintf.o)
 .data          0x0000000000000000        0x0 /Applications/microchip/xc8/v2.50/avr/bin/../lib/gcc/avr/5.4.0/../../../../avr/lib/avr5/libc.a(__int_vsnprintf.o)
 .bss           0x0000000000000000        0x0 /Applications/microchip/xc8/v2.50/avr/bin/../lib/gcc/avr/5.4.0/../../../../avr/lib/avr5/libc.a(__int_vsnprintf.o)
 .stack.descriptors
                0x0000000000000000       0x19 /Applications/microchip/xc8/v2.50/avr/bin/../lib/gcc/avr/5.4.0/../../../../avr/lib/avr5/libc.a(__int_vsnprintf.o)
 .text          0x0000000000000000        0x0 /Applications/microchip/xc8/v2.50/avr/bin/../lib/gcc/avr/5.4.0/avr5/libgcc.a(_udivmodsi4.o)
 .data          0x0000000000000000        0x0 /Applications/microchip/xc8/v2.50/avr/bin/../lib/gcc/avr/5.4.0/avr5/libgcc.a(_udivmodsi4.o)
 .bss           0x0000000000000000        0x0 /Applications/microchip/xc8/v2.50/avr/bin/../lib/gcc/avr/5.4.0/avr5/libgcc.a(_udivmodsi4.o)
 .text.libgcc.mul
                0x0000000000000000        0x0 /Applications/microchip/xc8/v2.50/avr/bin/../lib/gcc/avr/5.4.0/avr5/libgcc.a(_udivmodsi4.o)
 .stack.descriptors
                0x0000000000000000       0x1a /Applications/microchip/xc8/v2.50/avr/bin/../lib/gcc/avr/5.4.0/avr5/libgcc.a(_udivmodsi4.o)
 .text.libgcc   0x0000000000000000        0x0 /Applications/microchip/xc8/v2.50/avr/bin/../lib/gcc/avr/5.4.0/avr5/libgcc.a(_udivmodsi4.o)
 .text.libgcc.prologue
                0x0000000000000000        0x0 /Applications/microchip/xc8/v2.50/avr/bin/../lib/gcc/avr/5.4.0/avr5/libgcc.a(_udivmodsi4.o)
 .text.libgcc.builtins
                0x0000000000000000        0x0 /Applications/microchip/xc8/v2.50/avr/bin/../lib/gcc/avr/5.4.0/avr5/libgcc.a(_udivmodsi4.o)
 .text.libgcc.fmul
                0x0000000000000000        0x0 /Applications/microchip/xc8/v2.50/avr/bin/../lib/gcc/avr/5.4.0/avr5/libgcc.a(_udivmodsi4.o)
 .text.libgcc.fixed
                0x0000000000000000        0x0 /Applications/microchip/xc8/v2.50/avr/bin/../lib/gcc/avr/5.4.0/avr5/libgcc.a(_udivmodsi4.o)
 .text          0x0000000000000000        0x0 /Applications/microchip/xc8/v2.50/avr/bin/../lib/gcc/avr/5.4.0/avr5/libgcc.a(_exit.o)
 .data          0x0000000000000000        0x0 /Applications/microchip/xc8/v2.50/avr/bin/../lib/gcc/avr/5.4.0/avr5/libgcc.a(_exit.o)
 .bss           0x0000000000000000        0x0 /Applications/microchip/xc8/v2.50/avr/bin/../lib/gcc/avr/5.4.0/avr5/libgcc.a(_exit.o)
 .text.libgcc.mul
                0x0000000000000000        0x0 /Applications/microchip/xc8/v2.50/avr/bin/../lib/gcc/avr/5.4.0/avr5/libgcc.a(_exit.o)
 .text.libgcc.div
                0x0000000000000000        0x0 /Applications/microchip/xc8/v2.50/avr/bin/../lib/gcc/avr/5.4.0/avr5/libgcc.a(_exit.o)
 .text.libgcc   0x0000000000000000        0x0 /Applications/microchip/xc8/v2.50/avr/bin/../lib/gcc/avr/5.4.0/avr5/libgcc.a(_exit.o)
 .text.libgcc.prologue
                0x0000000000000000        0x0 /Applications/microchip/xc8/v2.50/avr/bin/../lib/gcc/avr/5.4.0/avr5/libgcc.a(_exit.o)
 .stack.descriptors
                0x0000000000000000       0x13 /Applications/microchip/xc8/v2.50/avr/bin/../lib/gcc/avr/5.4.0/avr5/libgcc.a(_exit.o)
 .text.libgcc.builtins
                0x0000000000000000        0x0 /Applications/microchip/xc8/v2.50/avr/bin/../lib/gcc/avr/5.4.0/avr5/libgcc.a(_exit.o)
 .text.libgcc.fmul
                0x0000000000000000        0x0 /Applications/microchip/xc8/v2.50/avr/bin/../lib/gcc/avr/5.4.0/avr5/libgcc.a(_exit.o)
 .text.libgcc.fixed
                0x0000000000000000        0x0 /Applications/microchip/xc8/v2.50/avr/bin/../lib/gcc/avr/5.4.0/avr5/libgcc.a(_exit.o)
 .text          0x0000000000000000        0x0 /Applications/microchip/xc8/v2.50/avr/bin/../lib/gcc/avr/5.4.0/avr5/libgcc.a(_prologue.o)
 .data          0x0000000000000000        0x0 /Applications/microchip/xc8/v2.50/avr/bin/../lib/gcc/avr/5.4.0/avr5/libgcc.a(_prologue.o)
 .bss           0x0000000000000000        0x0 /Applications/microchip/xc8/v2.50/avr/bin/../lib/gcc/avr/5.4.0/avr5/libgcc.a(_prologue.o)
 .text.libgcc.mul
                0x0000000000000000        0x0 /Applications/microchip/xc8/v2.50/avr/bin/../lib/gcc/avr/5.4.0/avr5/libgcc.a(_prologue.o)
 .text.libgcc.div
                0x0000000000000000        0x0 /Applications/microchip/xc8/v2.50/avr/bin/../lib/gcc/avr/5.4.0/avr5/libgcc.a(_prologue.o)
 .text.libgcc   0x0000000000000000        0x0 /Applications/microchip/xc8/v2.50/avr/bin/../lib/gcc/avr/5.4.0/avr5/libgcc.a(_prologue.o)
 .text.libgcc.builtins
                0x0000000000000000        0x0 /Applications/microchip/xc8/v2.50/avr/bin/../lib/gcc/avr/5.4.0/avr5/libgcc.a(_prologue.o)
 .text.libgcc.fmul
                0x0000000000000000        0x0 /Applications/microchip/xc8/v2.50/avr/bin/../lib/gcc/avr/5.4.0/avr5/libgcc.a(_prologue.o)
 .text.libgcc.fixed
                0x0000000000000000        0x0 /Applications/microchip/xc8/v2.50/avr/bin/../lib/gcc/avr/5.4.0/avr5/libgcc.a(_prologue.o)
 .text          0x0000000000000000        0x0 /Applications/microchip/xc8/v2.50/avr/bin/../lib/gcc/avr/5.4.0/avr5/libgcc.a(_epilogue.o)
 .data          0x0000000000000000        0x0 /Applications/microchip/xc8/v2.50/avr/bin/../lib/gcc/avr/5.4.0/avr5/libgcc.a(_epilogue.o)
 .bss           0x0000000000000000        0x0 /Applications/microchip/xc8/v2.50/avr/bin/../lib/gcc/avr/5.4.0/avr5/libgcc.a(_epilogue.o)
 .text.libgcc.mul
                0x0000000000000000        0x0 /Applications/microchip/xc8/v2.50/avr/bin/../lib/gcc/avr/5.4.0/avr5/libgcc.a(_epilogue.o)
 .text.libgcc.div
                0x0000000000000000        0x0 /Applications/microchip/xc8/v2.50/avr/bin/../lib/gcc/avr/5.4.0/avr5/libgcc.a(_epilogue.o)
 .text.libgcc   0x0000000000000000        0x0 /Applications/microchip/xc8/v2.50/avr/bin/../lib/gcc/avr/5.4.0/avr5/libgcc.a(_epilogue.o)
 .text.libgcc.builtins
                0x0000000000000000        0x0 /Applications/microchip/xc8/v2.50/avr/bin/../lib/gcc/avr/5.4.0/avr5/libgcc.a(_epilogue.o)
 .text.libgcc.fmul
                0x0000000000000000        0x0 /Applications/microchip/xc8/v2.50/avr/bin/../lib/gcc/avr/5.4.0/avr5/libgcc.a(_epilogue.o)
 .text.libgcc.fixed
                0x0000000000000000        0x0 /Applications/microchip/xc8/v2.50/avr/bin/../lib/gcc/avr/5.4.0/avr5/libgcc.a(_epilogue.o)

Memory Configuration

Name             Origin             Length             Attributes
text             0x0000000000000000 0x0000000000008000 xr
data             0x0000000000800100 0x0000000000000800 rw !x
eeprom           0x0000000000810000 0x0000000000000400 rw !x
fuse             0x0000000000820000 0x0000000000000003 rw !x
lock             0x0000000000830000 0x0000000000000400 rw !x
signature        0x0000000000840000 0x0000000000000400 rw !x
user_signatures  0x0000000000850000 0x0000000000000400 rw !x
bootrow          0x0000000000860000 0x0000000000000400 rw !x
*default*        0x0000000000000000 0xffffffffffffffff

Linker script and memory map

Address of section .data set to 0x800100
LOAD /Applications/microchip/mplabx/v6.20/packs/Microchip/ATmega_DFP/3.1.264/xc8/avr/lib/avr5/crtatmega328pb.o
                0x0000000000000001                __MPLAB_BUILD = 0x1
LOAD build/default/production/old/ST7735.o
LOAD build/default/production/newmain.o
LOAD build/default/production/game.o
LOAD build/default/production/UART.o
LOAD build/default/production/UART1.o
LOAD build/default/production/I2C.o
LOAD build/default/production/imu.o
LOAD build/default/production/LCD_GFX.o
START GROUP
LOAD /Applications/microchip/xc8/v2.50/avr/bin/../lib/gcc/avr/5.4.0/../../../../avr/lib/avr5/libm.a
END GROUP
START GROUP
LOAD /Applications/microchip/xc8/v2.50/avr/bin/../lib/gcc/avr/5.4.0/avr5/libgcc.a
LOAD /Applications/microchip/xc8/v2.50/avr/bin/../lib/gcc/avr/5.4.0/../../../../avr/lib/avr5/libm.a
LOAD /Applications/microchip/xc8/v2.50/avr/bin/../lib/gcc/avr/5.4.0/../../../../avr/lib/avr5/libc.a
LOAD /Applications/microchip/mplabx/v6.20/packs/Microchip/ATmega_DFP/3.1.264/xc8/avr/lib/avr5/libatmega328pb.a
END GROUP
                [0x0000000000000000]                __TEXT_REGION_ORIGIN__ = DEFINED (__TEXT_REGION_ORIGIN__)?__TEXT_REGION_ORIGIN__:0x0
                [0x0000000000800100]                __DATA_REGION_ORIGIN__ = DEFINED (__DATA_REGION_ORIGIN__)?__DATA_REGION_ORIGIN__:0x800060
                [0x0000000000008000]                __TEXT_REGION_LENGTH__ = DEFINED (__TEXT_REGION_LENGTH__)?__TEXT_REGION_LENGTH__:0x20000
                [0x0000000000000800]                __DATA_REGION_LENGTH__ = DEFINED (__DATA_REGION_LENGTH__)?__DATA_REGION_LENGTH__:0xffa0
                [0x0000000000000400]                __EEPROM_REGION_LENGTH__ = DEFINED (__EEPROM_REGION_LENGTH__)?__EEPROM_REGION_LENGTH__:0x10000
                [0x0000000000000003]                __FUSE_REGION_LENGTH__ = DEFINED (__FUSE_REGION_LENGTH__)?__FUSE_REGION_LENGTH__:0x400
                0x0000000000000400                __LOCK_REGION_LENGTH__ = DEFINED (__LOCK_REGION_LENGTH__)?__LOCK_REGION_LENGTH__:0x400
                0x0000000000000400                __SIGNATURE_REGION_LENGTH__ = DEFINED (__SIGNATURE_REGION_LENGTH__)?__SIGNATURE_REGION_LENGTH__:0x400
                0x0000000000000400                __USER_SIGNATURE_REGION_LENGTH__ = DEFINED (__USER_SIGNATURE_REGION_LENGTH__)?__USER_SIGNATURE_REGION_LENGTH__:0x400
                0x0000000000000400                __BOOTROW_REGION_LENGTH__ = DEFINED (__BOOTROW_REGION_LENGTH__)?__BOOTROW_REGION_LENGTH__:0x400

.hash
 *(.hash)

.dynsym
 *(.dynsym)

.dynstr
 *(.dynstr)

.gnu.version
 *(.gnu.version)

.gnu.version_d
 *(.gnu.version_d)

.gnu.version_r
 *(.gnu.version_r)

.rel.init
 *(.rel.init)

.rela.init
 *(.rela.init)

.rel.text
 *(.rel.text)
 *(.rel.text.*)
 *(.rel.gnu.linkonce.t*)

.rela.text
 *(.rela.text)
 *(.rela.text.*)
 *(.rela.gnu.linkonce.t*)

.rel.fini
 *(.rel.fini)

.rela.fini
 *(.rela.fini)

.rel.rodata
 *(.rel.rodata)
 *(.rel.rodata.*)
 *(.rel.gnu.linkonce.r*)

.rela.rodata
 *(.rela.rodata)
 *(.rela.rodata.*)
 *(.rela.gnu.linkonce.r*)

.rel.data
 *(.rel.data)
 *(.rel.data.*)
 *(.rel.gnu.linkonce.d*)

.rela.data
 *(.rela.data)
 *(.rela.data.*)
 *(.rela.gnu.linkonce.d*)

.rel.ctors
 *(.rel.ctors)

.rela.ctors
 *(.rela.ctors)

.rel.dtors
 *(.rel.dtors)

.rela.dtors
 *(.rela.dtors)

.rel.got
 *(.rel.got)

.rela.got
 *(.rela.got)

.rel.bss
 *(.rel.bss)

.rela.bss
 *(.rela.bss)

.rel.plt
 *(.rel.plt)

.rela.plt
 *(.rela.plt)

.text           0x0000000000000000      0x114
 *(.vectors)
 .vectors       0x0000000000000000       0xb4 /Applications/microchip/mplabx/v6.20/packs/Microchip/ATmega_DFP/3.1.264/xc8/avr/lib/avr5/crtatmega328pb.o
                0x0000000000000000                __vectors
                0x0000000000000000                __vector_default
 *(.vectors)
 *(.progmem.gcc*)
 *(.dinit)
 .dinit         0x00000000000000b4        0xc data_init
                0x00000000000000c0                . = ALIGN (0x2)
 *fill*         0x00000000000000c0        0x0 
                0x00000000000000c0                __trampolines_start = .
 *(.trampolines)
 .trampolines   0x00000000000000c0        0x0 linker stubs
 *(.trampolines*)
                0x00000000000000c0                __trampolines_end = .
 *libprintf_flt.a:*(.progmem.data)
 *libc.a:*(.progmem.data)
                0x00000000000000c0                . = ALIGN (0x2)
 *(.jumptables)
 *(.jumptables*)
 *(.lowtext)
 *(.lowtext*)
                0x00000000000000c0                __ctors_start = .
 *(.ctors)
                0x00000000000000c0                __ctors_end = .
                0x00000000000000c0                __dtors_start = .
 *(.dtors)
                0x00000000000000c0                __dtors_end = .
 SORT(*)(.ctors)
 SORT(*)(.dtors)
 *(.init0)
 .init0         0x00000000000000c0        0x0 /Applications/microchip/mplabx/v6.20/packs/Microchip/ATmega_DFP/3.1.264/xc8/avr/lib/avr5/crtatmega328pb.o
                0x00000000000000c0                __init
 *(.init0)
 *(.init1)
 *(.init1)
 *(.init2)
 .init2         0x00000000000000c0        0xc /Applications/microchip/mplabx/v6.20/packs/Microchip/ATmega_DFP/3.1.264/xc8/avr/lib/avr5/crtatmega328pb.o
 *(.init2)
 *(.init3)
 *(.init3)
 *(.init4)
 .init4         0x00000000000000cc       0x3c /Applications/microchip/xc8/v2.50/avr/bin/../lib/gcc/avr/5.4.0/avr5/libgcc.a(_copy_data.o)
                0x00000000000000cc                __do_copy_data
                0x00000000000000fa                __do_clear_bss
 *(.init4)
 *(.init5)
 *(.init5)
 *(.init6)
 *(.init6)
 *(.init7)
 *(.init7)
 *(.init8)
 *(.init8)
 *(.init9)
 .init9         0x0000000000000108        0x8 /Applications/microchip/mplabx/v6.20/packs/Microchip/ATmega_DFP/3.1.264/xc8/avr/lib/avr5/crtatmega328pb.o
 *(.init9)
                0x0000000000000110                . = ALIGN (0x2)
 *(.fini9)
 .fini9         0x0000000000000110        0x0 /Applications/microchip/xc8/v2.50/avr/bin/../lib/gcc/avr/5.4.0/avr5/libgcc.a(_exit.o)
                0x0000000000000110                _exit
 *(.fini9)
 *(.fini8)
 *(.fini8)
 *(.fini7)
 *(.fini7)
 *(.fini6)
 *(.fini6)
 *(.fini5)
 *(.fini5)
 *(.fini4)
 *(.fini4)
 *(.fini3)
 *(.fini3)
 *(.fini2)
 *(.fini2)
 *(.fini1)
 *(.fini1)
 *(.fini0)
 .fini0         0x0000000000000110        0x4 /Applications/microchip/xc8/v2.50/avr/bin/../lib/gcc/avr/5.4.0/avr5/libgcc.a(_exit.o)
 *(.fini0)
                0x0000000000000114                _etext = .

.data           0x0000000000800100        0x0 load address 0x0000000000000114
                [!provide]                        PROVIDE (__data_start, .)
 *(.gnu.linkonce.d*)
 *(.gnu.linkonce.r*)
                0x0000000000800100                . = ALIGN (0x2)
                0x0000000000800100                _edata = .
                [!provide]                        PROVIDE (__data_end, .)

.bss            0x0000000000800100        0x2
                [!provide]                        PROVIDE (__bss_start, .)
 *(COMMON)
 COMMON         0x0000000000800100        0x2 /Applications/microchip/xc8/v2.50/avr/bin/../lib/gcc/avr/5.4.0/../../../../avr/lib/avr5/libc.a(errno.o)
                0x0000000000800100                __errno_val
                [!provide]                        PROVIDE (__bss_end, .)
                0x0000000000000114                __data_load_start = LOADADDR (.data)
                0x0000000000000114                __data_load_end = (__data_load_start + SIZEOF (.data))

.noinit         0x0000000000800102        0x0
                [!provide]                        PROVIDE (__noinit_start, .)
 *(.noinit*)
                [!provide]                        PROVIDE (__noinit_end, .)
                0x0000000000800102                _end = .

.eeprom         0x0000000000810000        0x0
 *(.eeprom*)
                0x0000000000810000                __eeprom_end = .

.fuse
 *(.fuse)
 *(.lfuse)
 *(.hfuse)
 *(.efuse)

.lock
 *(.lock*)

.signature
 *(.signature*)

.user_signatures
 *(.user_signatures*)

.bootrow
 *(.bootrow*)

.stab
 *(.stab)

.stabstr
 *(.stabstr)

.stab.excl
 *(.stab.excl)

.stab.exclstr
 *(.stab.exclstr)

.stab.index
 *(.stab.index)

.stab.indexstr
 *(.stab.indexstr)

.comment        0x0000000000000000       0x5b
 *(.comment)
 .comment       0x0000000000000000       0x2f build/default/production/old/ST7735.o
                                         0x30 (size before relaxing)
 .comment       0x000000000000002f       0x30 build/default/production/newmain.o
 .comment       0x000000000000002f       0x30 build/default/production/game.o
 .comment       0x000000000000002f       0x30 build/default/production/UART.o
 .comment       0x000000000000002f       0x30 build/default/production/UART1.o
 .comment       0x000000000000002f       0x30 build/default/production/LCD_GFX.o
 .comment       0x000000000000002f       0x2c /Applications/microchip/xc8/v2.50/avr/bin/../lib/gcc/avr/5.4.0/../../../../avr/lib/avr5/libc.a(exit.o)
                                         0x2d (size before relaxing)
 .comment       0x000000000000005b       0x2d /Applications/microchip/xc8/v2.50/avr/bin/../lib/gcc/avr/5.4.0/../../../../avr/lib/avr5/libc.a(__sio_sprintf_doux.o)
 .comment       0x000000000000005b       0x2d /Applications/microchip/xc8/v2.50/avr/bin/../lib/gcc/avr/5.4.0/../../../../avr/lib/avr5/libc.a(__fmt_d.o)
 .comment       0x000000000000005b       0x2d /Applications/microchip/xc8/v2.50/avr/bin/../lib/gcc/avr/5.4.0/../../../../avr/lib/avr5/libc.a(__fmt_o.o)
 .comment       0x000000000000005b       0x2d /Applications/microchip/xc8/v2.50/avr/bin/../lib/gcc/avr/5.4.0/../../../../avr/lib/avr5/libc.a(__fmt_s.o)
 .comment       0x000000000000005b       0x2d /Applications/microchip/xc8/v2.50/avr/bin/../lib/gcc/avr/5.4.0/../../../../avr/lib/avr5/libc.a(__fmt_u.o)
 .comment       0x000000000000005b       0x2d /Applications/microchip/xc8/v2.50/avr/bin/../lib/gcc/avr/5.4.0/../../../../avr/lib/avr5/libc.a(__fmt_x.o)
 .comment       0x000000000000005b       0x2d /Applications/microchip/xc8/v2.50/avr/bin/../lib/gcc/avr/5.4.0/../../../../avr/lib/avr5/libc.a(__pop_int.o)
 .comment       0x000000000000005b       0x2d /Applications/microchip/xc8/v2.50/avr/bin/../lib/gcc/avr/5.4.0/../../../../avr/lib/avr5/libc.a(__printf_core.o)
 .comment       0x000000000000005b       0x2d /Applications/microchip/xc8/v2.50/avr/bin/../lib/gcc/avr/5.4.0/../../../../avr/lib/avr5/libc.a(fputc.o)
 .comment       0x000000000000005b       0x2d /Applications/microchip/xc8/v2.50/avr/bin/../lib/gcc/avr/5.4.0/../../../../avr/lib/avr5/libc.a(strlen.o)
 .comment       0x000000000000005b       0x2d /Applications/microchip/xc8/v2.50/avr/bin/../lib/gcc/avr/5.4.0/../../../../avr/lib/avr5/libc.a(tolower.o)
 .comment       0x000000000000005b       0x2d /Applications/microchip/xc8/v2.50/avr/bin/../lib/gcc/avr/5.4.0/../../../../avr/lib/avr5/libc.a(toupper.o)
 .comment       0x000000000000005b       0x2d /Applications/microchip/xc8/v2.50/avr/bin/../lib/gcc/avr/5.4.0/../../../../avr/lib/avr5/libc.a(errno.o)
 .comment       0x000000000000005b       0x2d /Applications/microchip/xc8/v2.50/avr/bin/../lib/gcc/avr/5.4.0/../../../../avr/lib/avr5/libc.a(_Exit.o)
 .comment       0x000000000000005b       0x2d /Applications/microchip/xc8/v2.50/avr/bin/../lib/gcc/avr/5.4.0/../../../../avr/lib/avr5/libc.a(__int_vfprintf.o)
 .comment       0x000000000000005b       0x2d /Applications/microchip/xc8/v2.50/avr/bin/../lib/gcc/avr/5.4.0/../../../../avr/lib/avr5/libc.a(__int_vsprintf.o)
 .comment       0x000000000000005b       0x2d /Applications/microchip/xc8/v2.50/avr/bin/../lib/gcc/avr/5.4.0/../../../../avr/lib/avr5/libc.a(__int_vsnprintf.o)

.stack.descriptors.hdr
                0x0000000000000000      0x134
 .stack.descriptors.hdr
                0x0000000000000000        0xe /Applications/microchip/xc8/v2.50/avr/bin/../lib/gcc/avr/5.4.0/avr5/libgcc.a(_divmodhi4.o)
 .stack.descriptors.hdr
                0x000000000000000e        0xe /Applications/microchip/xc8/v2.50/avr/bin/../lib/gcc/avr/5.4.0/avr5/libgcc.a(_udivmodhi4.o)
 .stack.descriptors.hdr
                0x000000000000001c        0xe /Applications/microchip/xc8/v2.50/avr/bin/../lib/gcc/avr/5.4.0/../../../../avr/lib/avr5/libc.a(exit.o)
 .stack.descriptors.hdr
                0x000000000000002a        0xe /Applications/microchip/xc8/v2.50/avr/bin/../lib/gcc/avr/5.4.0/../../../../avr/lib/avr5/libc.a(__sio_sprintf_doux.o)
 .stack.descriptors.hdr
                0x0000000000000038        0xe /Applications/microchip/xc8/v2.50/avr/bin/../lib/gcc/avr/5.4.0/../../../../avr/lib/avr5/libc.a(__fmt_d.o)
 .stack.descriptors.hdr
                0x0000000000000046        0xe /Applications/microchip/xc8/v2.50/avr/bin/../lib/gcc/avr/5.4.0/../../../../avr/lib/avr5/libc.a(__fmt_o.o)
 .stack.descriptors.hdr
                0x0000000000000054        0xe /Applications/microchip/xc8/v2.50/avr/bin/../lib/gcc/avr/5.4.0/../../../../avr/lib/avr5/libc.a(__fmt_s.o)
 .stack.descriptors.hdr
                0x0000000000000062        0xe /Applications/microchip/xc8/v2.50/avr/bin/../lib/gcc/avr/5.4.0/../../../../avr/lib/avr5/libc.a(__fmt_u.o)
 .stack.descriptors.hdr
                0x0000000000000070        0xe /Applications/microchip/xc8/v2.50/avr/bin/../lib/gcc/avr/5.4.0/../../../../avr/lib/avr5/libc.a(__fmt_x.o)
 .stack.descriptors.hdr
                0x000000000000007e        0xe /Applications/microchip/xc8/v2.50/avr/bin/../lib/gcc/avr/5.4.0/../../../../avr/lib/avr5/libc.a(__pop_int.o)
 .stack.descriptors.hdr
                0x000000000000008c        0xe /Applications/microchip/xc8/v2.50/avr/bin/../lib/gcc/avr/5.4.0/../../../../avr/lib/avr5/libc.a(__printf_core.o)
 .stack.descriptors.hdr
                0x000000000000009a        0xe /Applications/microchip/xc8/v2.50/avr/bin/../lib/gcc/avr/5.4.0/../../../../avr/lib/avr5/libc.a(fputc.o)
 .stack.descriptors.hdr
                0x00000000000000a8        0xe /Applications/microchip/xc8/v2.50/avr/bin/../lib/gcc/avr/5.4.0/../../../../avr/lib/avr5/libc.a(strlen.o)
 .stack.descriptors.hdr
                0x00000000000000b6        0xe /Applications/microchip/xc8/v2.50/avr/bin/../lib/gcc/avr/5.4.0/../../../../avr/lib/avr5/libc.a(tolower.o)
 .stack.descriptors.hdr
                0x00000000000000c4        0xe /Applications/microchip/xc8/v2.50/avr/bin/../lib/gcc/avr/5.4.0/../../../../avr/lib/avr5/libc.a(toupper.o)
 .stack.descriptors.hdr
                0x00000000000000d2        0xe /Applications/microchip/xc8/v2.50/avr/bin/../lib/gcc/avr/5.4.0/../../../../avr/lib/avr5/libc.a(errno.o)
 .stack.descriptors.hdr
                0x00000000000000e0        0xe /Applications/microchip/xc8/v2.50/avr/bin/../lib/gcc/avr/5.4.0/../../../../avr/lib/avr5/libc.a(_Exit.o)
 .stack.descriptors.hdr
                0x00000000000000ee        0xe /Applications/microchip/xc8/v2.50/avr/bin/../lib/gcc/avr/5.4.0/../../../../avr/lib/avr5/libc.a(__int_vfprintf.o)
 .stack.descriptors.hdr
                0x00000000000000fc        0xe /Applications/microchip/xc8/v2.50/avr/bin/../lib/gcc/avr/5.4.0/../../../../avr/lib/avr5/libc.a(__int_vsprintf.o)
 .stack.descriptors.hdr
                0x000000000000010a        0xe /Applications/microchip/xc8/v2.50/avr/bin/../lib/gcc/avr/5.4.0/../../../../avr/lib/avr5/libc.a(__int_vsnprintf.o)
 .stack.descriptors.hdr
                0x0000000000000118        0xe /Applications/microchip/xc8/v2.50/avr/bin/../lib/gcc/avr/5.4.0/avr5/libgcc.a(_udivmodsi4.o)
 .stack.descriptors.hdr
                0x0000000000000126        0xe /Applications/microchip/xc8/v2.50/avr/bin/../lib/gcc/avr/5.4.0/avr5/libgcc.a(_exit.o)

.note.GNU-stack
                0x0000000000000000        0x0
 .note.GNU-stack
                0x0000000000000000        0x0 /Applications/microchip/xc8/v2.50/avr/bin/../lib/gcc/avr/5.4.0/../../../../avr/lib/avr5/libc.a(exit.o)
 .note.GNU-stack
                0x0000000000000000        0x0 /Applications/microchip/xc8/v2.50/avr/bin/../lib/gcc/avr/5.4.0/../../../../avr/lib/avr5/libc.a(__sio_sprintf_doux.o)
 .note.GNU-stack
                0x0000000000000000        0x0 /Applications/microchip/xc8/v2.50/avr/bin/../lib/gcc/avr/5.4.0/../../../../avr/lib/avr5/libc.a(__fmt_d.o)
 .note.GNU-stack
                0x0000000000000000        0x0 /Applications/microchip/xc8/v2.50/avr/bin/../lib/gcc/avr/5.4.0/../../../../avr/lib/avr5/libc.a(__fmt_o.o)
 .note.GNU-stack
                0x0000000000000000        0x0 /Applications/microchip/xc8/v2.50/avr/bin/../lib/gcc/avr/5.4.0/../../../../avr/lib/avr5/libc.a(__fmt_s.o)
 .note.GNU-stack
                0x0000000000000000        0x0 /Applications/microchip/xc8/v2.50/avr/bin/../lib/gcc/avr/5.4.0/../../../../avr/lib/avr5/libc.a(__fmt_u.o)
 .note.GNU-stack
                0x0000000000000000        0x0 /Applications/microchip/xc8/v2.50/avr/bin/../lib/gcc/avr/5.4.0/../../../../avr/lib/avr5/libc.a(__fmt_x.o)
 .note.GNU-stack
                0x0000000000000000        0x0 /Applications/microchip/xc8/v2.50/avr/bin/../lib/gcc/avr/5.4.0/../../../../avr/lib/avr5/libc.a(__pop_int.o)
 .note.GNU-stack
                0x0000000000000000        0x0 /Applications/microchip/xc8/v2.50/avr/bin/../lib/gcc/avr/5.4.0/../../../../avr/lib/avr5/libc.a(__printf_core.o)
 .note.GNU-stack
                0x0000000000000000        0x0 /Applications/microchip/xc8/v2.50/avr/bin/../lib/gcc/avr/5.4.0/../../../../avr/lib/avr5/libc.a(fputc.o)
 .note.GNU-stack
                0x0000000000000000        0x0 /Applications/microchip/xc8/v2.50/avr/bin/../lib/gcc/avr/5.4.0/../../../../avr/lib/avr5/libc.a(strlen.o)
 .note.GNU-stack
                0x0000000000000000        0x0 /Applications/microchip/xc8/v2.50/avr/bin/../lib/gcc/avr/5.4.0/../../../../avr/lib/avr5/libc.a(tolower.o)
 .note.GNU-stack
                0x0000000000000000        0x0 /Applications/microchip/xc8/v2.50/avr/bin/../lib/gcc/avr/5.4.0/../../../../avr/lib/avr5/libc.a(toupper.o)
 .note.GNU-stack
                0x0000000000000000        0x0 /Applications/microchip/xc8/v2.50/avr/bin/../lib/gcc/avr/5.4.0/../../../../avr/lib/avr5/libc.a(errno.o)
 .note.GNU-stack
                0x0000000000000000        0x0 /Applications/microchip/xc8/v2.50/avr/bin/../lib/gcc/avr/5.4.0/../../../../avr/lib/avr5/libc.a(_Exit.o)
 .note.GNU-stack
                0x0000000000000000        0x0 /Applications/microchip/xc8/v2.50/avr/bin/../lib/gcc/avr/5.4.0/../../../../avr/lib/avr5/libc.a(__int_vfprintf.o)
 .note.GNU-stack
                0x0000000000000000        0x0 /Applications/microchip/xc8/v2.50/avr/bin/../lib/gcc/avr/5.4.0/../../../../avr/lib/avr5/libc.a(__int_vsprintf.o)
 .note.GNU-stack
                0x0000000000000000        0x0 /Applications/microchip/xc8/v2.50/avr/bin/../lib/gcc/avr/5.4.0/../../../../avr/lib/avr5/libc.a(__int_vsnprintf.o)

.note.gnu.build-id
 *(.note.gnu.build-id)

.debug
 *(.debug)

.line
 *(.line)

.debug_srcinfo
 *(.debug_srcinfo)

.debug_sfnames
 *(.debug_sfnames)

.debug_aranges  0x0000000000000000      0x1e0
 *(.debug_aranges)
 .debug_aranges
                0x0000000000000000       0x68 build/default/production/old/ST7735.o
 .debug_aranges
                0x0000000000000068       0x30 build/default/production/newmain.o
 .debug_aranges
                0x0000000000000098       0x78 build/default/production/game.o
 .debug_aranges
                0x0000000000000110       0x30 build/default/production/UART.o
 .debug_aranges
                0x0000000000000140       0x38 build/default/production/UART1.o
 .debug_aranges
                0x0000000000000178       0x68 build/default/production/LCD_GFX.o

.debug_pubnames
 *(.debug_pubnames)

.debug_info     0x0000000000000000     0x4644
 *(.debug_info .gnu.linkonce.wi.*)
 .debug_info    0x0000000000000000      0x8ea /Applications/microchip/mplabx/v6.20/packs/Microchip/ATmega_DFP/3.1.264/xc8/avr/lib/avr5/crtatmega328pb.o
 .debug_info    0x00000000000008ea      0x75b build/default/production/old/ST7735.o
 .debug_info    0x0000000000001045      0xce5 build/default/production/newmain.o
 .debug_info    0x0000000000001d2a     0x16fd build/default/production/game.o
 .debug_info    0x0000000000003427      0x2d6 build/default/production/UART.o
 .debug_info    0x00000000000036fd      0x312 build/default/production/UART1.o
 .debug_info    0x0000000000003a0f      0xc35 build/default/production/LCD_GFX.o

.debug_abbrev   0x0000000000000000     0x1041
 *(.debug_abbrev)
 .debug_abbrev  0x0000000000000000      0x86e /Applications/microchip/mplabx/v6.20/packs/Microchip/ATmega_DFP/3.1.264/xc8/avr/lib/avr5/crtatmega328pb.o
 .debug_abbrev  0x000000000000086e      0x180 build/default/production/old/ST7735.o
 .debug_abbrev  0x00000000000009ee      0x1e6 build/default/production/newmain.o
 .debug_abbrev  0x0000000000000bd4      0x205 build/default/production/game.o
 .debug_abbrev  0x0000000000000dd9       0x7a build/default/production/UART.o
 .debug_abbrev  0x0000000000000e53       0x94 build/default/production/UART1.o
 .debug_abbrev  0x0000000000000ee7      0x15a build/default/production/LCD_GFX.o

.debug_line     0x0000000000000000     0x1272
 *(.debug_line .debug_line.* .debug_line_end)
 .debug_line    0x0000000000000000      0x1a6 /Applications/microchip/mplabx/v6.20/packs/Microchip/ATmega_DFP/3.1.264/xc8/avr/lib/avr5/crtatmega328pb.o
 .debug_line    0x00000000000001a6      0x345 build/default/production/old/ST7735.o
 .debug_line    0x00000000000004eb      0x2f1 build/default/production/newmain.o
 .debug_line    0x00000000000007dc      0x47b build/default/production/game.o
 .debug_line    0x0000000000000c57       0xe5 build/default/production/UART.o
 .debug_line    0x0000000000000d3c      0x116 build/default/production/UART1.o
 .debug_line    0x0000000000000e52      0x420 build/default/production/LCD_GFX.o

.debug_frame    0x0000000000000000      0x7e4
 *(.debug_frame)
 .debug_frame   0x0000000000000000      0x104 build/default/production/old/ST7735.o
 .debug_frame   0x0000000000000104       0xec build/default/production/newmain.o
 .debug_frame   0x00000000000001f0      0x228 build/default/production/game.o
 .debug_frame   0x0000000000000418       0x50 build/default/production/UART.o
 .debug_frame   0x0000000000000468       0x60 build/default/production/UART1.o
 .debug_frame   0x00000000000004c8      0x31c build/default/production/LCD_GFX.o

.debug_str      0x0000000000000000      0x47b
 *(.debug_str)
 .debug_str     0x0000000000000000      0x318 /Applications/microchip/mplabx/v6.20/packs/Microchip/ATmega_DFP/3.1.264/xc8/avr/lib/avr5/crtatmega328pb.o
 .debug_str     0x0000000000000318        0xc build/default/production/old/ST7735.o
 .debug_str     0x0000000000000324       0x68 build/default/production/newmain.o
 .debug_str     0x000000000000038c       0xa7 build/default/production/game.o
 .debug_str     0x0000000000000433        0x0 build/default/production/UART.o
 .debug_str     0x0000000000000433        0x0 build/default/production/UART1.o
 .debug_str     0x0000000000000433       0x48 build/default/production/LCD_GFX.o

.debug_loc      0x0000000000000000     0x1e75
 *(.debug_loc)
 .debug_loc     0x0000000000000000      0x481 build/default/production/old/ST7735.o
 .debug_loc     0x0000000000000481      0x32c build/default/production/newmain.o
 .debug_loc     0x00000000000007ad      0x786 build/default/production/game.o
 .debug_loc     0x0000000000000f33       0x78 build/default/production/UART.o
 .debug_loc     0x0000000000000fab       0x78 build/default/production/UART1.o
 .debug_loc     0x0000000000001023      0xe52 build/default/production/LCD_GFX.o

.debug_macinfo
 *(.debug_macinfo)

.debug_weaknames
 *(.debug_weaknames)

.debug_funcnames
 *(.debug_funcnames)

.debug_typenames
 *(.debug_typenames)

.debug_varnames
 *(.debug_varnames)

.debug_pubtypes
 *(.debug_pubtypes)

.debug_ranges   0x0000000000000000      0x228
 *(.debug_ranges)
 .debug_ranges  0x0000000000000000       0x58 build/default/production/old/ST7735.o
 .debug_ranges  0x0000000000000058       0x38 build/default/production/newmain.o
 .debug_ranges  0x0000000000000090       0x98 build/default/production/game.o
 .debug_ranges  0x0000000000000128       0x20 build/default/production/UART.o
 .debug_ranges  0x0000000000000148       0x28 build/default/production/UART1.o
 .debug_ranges  0x0000000000000170       0xb8 build/default/production/LCD_GFX.o

.debug_macro
 *(.debug_macro)
OUTPUT(dist/default/production/FinalP.X.production.elf elf32-avr)
LOAD linker stubs
LOAD data_init

.note.gnu.avr.deviceinfo
                0x0000000000000000       0x40
 .note.gnu.avr.deviceinfo
                0x0000000000000000       0x40 /Applications/microchip/mplabx/v6.20/packs/Microchip/ATmega_DFP/3.1.264/xc8/avr/lib/avr5/crtatmega328pb.o

.text.game      0x0000000000000114      0x40a
 .text.game     0x0000000000000114      0x40a build/default/production/game.o
                0x0000000000000114                game

.text.vfpfcnvrt
                0x000000000000051e      0x3fc
 .text.vfpfcnvrt
                0x000000000000051e      0x3fc /Applications/microchip/xc8/v2.50/avr/bin/../lib/gcc/avr/5.4.0/../../../../avr/lib/avr5/libc.a(__printf_core.o)
                0x000000000000051e                vfpfcnvrt

.text.__fmt_x   0x000000000000091a      0x1dc
 .text.__fmt_x  0x000000000000091a      0x1dc /Applications/microchip/xc8/v2.50/avr/bin/../lib/gcc/avr/5.4.0/../../../../avr/lib/avr5/libc.a(__fmt_x.o)
                0x000000000000091a                __fmt_x
                0x000000000000091a                __fmt_x_needed

.text.main      0x0000000000000af6      0x1b4
 .text.main     0x0000000000000af6      0x1b4 build/default/production/newmain.o
                0x0000000000000af6                main

.text.LCD_drawChar_size
                0x0000000000000caa      0x17c
 .text.LCD_drawChar_size
                0x0000000000000caa      0x17c build/default/production/LCD_GFX.o
                0x0000000000000caa                LCD_drawChar_size

.text.LCD_drawCircle
                0x0000000000000e26      0x14e
 .text.LCD_drawCircle
                0x0000000000000e26      0x14e build/default/production/LCD_GFX.o
                0x0000000000000e26                LCD_drawCircle

.text.LCD_displayStringSPI
                0x0000000000000f74      0x13e
 .text.LCD_displayStringSPI
                0x0000000000000f74      0x13e build/default/production/LCD_GFX.o
                0x0000000000000f74                LCD_displayStringSPI

.text.__fmt_d   0x00000000000010b2       0xe4
 .text.__fmt_d  0x00000000000010b2       0xe4 /Applications/microchip/xc8/v2.50/avr/bin/../lib/gcc/avr/5.4.0/../../../../avr/lib/avr5/libc.a(__fmt_d.o)
                0x00000000000010b2                __fmt_d_needed
                0x00000000000010b2                __fmt_d

.text.drawCatcherShape
                0x0000000000001196       0xe0
 .text.drawCatcherShape
                0x0000000000001196       0xe0 build/default/production/game.o
                0x0000000000001196                drawCatcherShape

.text.LCD_drawLine
                0x0000000000001276       0xd4
 .text.LCD_drawLine
                0x0000000000001276       0xd4 build/default/production/LCD_GFX.o
                0x0000000000001276                LCD_drawLine

.text.__pop_int
                0x000000000000134a       0xd0
 .text.__pop_int
                0x000000000000134a       0xd0 /Applications/microchip/xc8/v2.50/avr/bin/../lib/gcc/avr/5.4.0/../../../../avr/lib/avr5/libc.a(__pop_int.o)
                0x000000000000134a                __pop_int
                0x000000000000134a                __pop_int_needed

.text.__cvt_u   0x000000000000141a       0xca
 .text.__cvt_u  0x000000000000141a       0xca /Applications/microchip/xc8/v2.50/avr/bin/../lib/gcc/avr/5.4.0/../../../../avr/lib/avr5/libc.a(__fmt_u.o)
                0x000000000000141a                __cvt_u

.text.__fmt_o   0x00000000000014e4       0xb2
 .text.__fmt_o  0x00000000000014e4       0xb2 /Applications/microchip/xc8/v2.50/avr/bin/../lib/gcc/avr/5.4.0/../../../../avr/lib/avr5/libc.a(__fmt_o.o)
                0x00000000000014e4                __fmt_o_needed
                0x00000000000014e4                __fmt_o

.text.initializeGame
                0x0000000000001596       0xac
 .text.initializeGame
                0x0000000000001596       0xac build/default/production/newmain.o
                0x0000000000001596                initializeGame

.text.drawscore
                0x0000000000001642       0xaa
 .text.drawscore
                0x0000000000001642       0xaa build/default/production/game.o
                0x0000000000001642                drawscore

.text.fputc     0x00000000000016ec       0x98
 .text.fputc    0x00000000000016ec       0x98 /Applications/microchip/xc8/v2.50/avr/bin/../lib/gcc/avr/5.4.0/../../../../avr/lib/avr5/libc.a(fputc.o)
                0x00000000000016ec                putc
                0x00000000000016ec                fputc

.text.sendCommands
                0x0000000000001784       0x92
 .text.sendCommands
                0x0000000000001784       0x92 build/default/production/old/ST7735.o
                0x0000000000001784                sendCommands

.text.rgb565    0x0000000000001816       0x8e
 .text.rgb565   0x0000000000001816       0x8e build/default/production/LCD_GFX.o
                0x0000000000001816                rgb565

.text.__fmt_u   0x00000000000018a4       0x8e
 .text.__fmt_u  0x00000000000018a4       0x8e /Applications/microchip/xc8/v2.50/avr/bin/../lib/gcc/avr/5.4.0/../../../../avr/lib/avr5/libc.a(__fmt_u.o)
                0x00000000000018a4                __fmt_u
                0x00000000000018a4                __fmt_u_needed

.text.LCD_drawString
                0x0000000000001932       0x8a
 .text.LCD_drawString
                0x0000000000001932       0x8a build/default/production/LCD_GFX.o
                0x0000000000001932                LCD_drawString

.text.LCD_drawBlock
                0x00000000000019bc       0x7a
 .text.LCD_drawBlock
                0x00000000000019bc       0x7a build/default/production/LCD_GFX.o
                0x00000000000019bc                LCD_drawBlock

.text.__printf_core
                0x0000000000001a36       0x78
 .text.__printf_core
                0x0000000000001a36       0x78 /Applications/microchip/xc8/v2.50/avr/bin/../lib/gcc/avr/5.4.0/../../../../avr/lib/avr5/libc.a(__printf_core.o)
                0x0000000000001a36                __printf_core

.text.__vsnprintf
                0x0000000000001aae       0x74
 .text.__vsnprintf
                0x0000000000001aae       0x74 /Applications/microchip/xc8/v2.50/avr/bin/../lib/gcc/avr/5.4.0/../../../../avr/lib/avr5/libc.a(__int_vsnprintf.o)
                0x0000000000001aae                __vsnprintf

.text.__pad     0x0000000000001b22       0x72
 .text.__pad    0x0000000000001b22       0x72 /Applications/microchip/xc8/v2.50/avr/bin/../lib/gcc/avr/5.4.0/../../../../avr/lib/avr5/libc.a(__printf_core.o)
                0x0000000000001b22                __pad

.text.LCD_setAddr
                0x0000000000001b94       0x5c
 .text.LCD_setAddr
                0x0000000000001b94       0x5c build/default/production/old/ST7735.o
                0x0000000000001b94                LCD_setAddr

.text.read_prec_or_width
                0x0000000000001bf0       0x5c
 .text.read_prec_or_width
                0x0000000000001bf0       0x5c /Applications/microchip/xc8/v2.50/avr/bin/../lib/gcc/avr/5.4.0/../../../../avr/lib/avr5/libc.a(__printf_core.o)

.text.displayMessage
                0x0000000000001c4c       0x56
 .text.displayMessage
                0x0000000000001c4c       0x56 build/default/production/game.o
                0x0000000000001c4c                displayMessage

.text.__fmt_s   0x0000000000001ca2       0x54
 .text.__fmt_s  0x0000000000001ca2       0x54 /Applications/microchip/xc8/v2.50/avr/bin/../lib/gcc/avr/5.4.0/../../../../avr/lib/avr5/libc.a(__fmt_s.o)
                0x0000000000001ca2                __fmt_s_needed
                0x0000000000001ca2                __fmt_s
                0x0000000000001ca2                __fmt_0_needed

.text.lcd_init  0x0000000000001cf6       0x52
 .text.lcd_init
                0x0000000000001cf6       0x52 build/default/production/old/ST7735.o
                0x0000000000001cf6                lcd_init

.text.LCD_setScreen
                0x0000000000001d48       0x50
 .text.LCD_setScreen
                0x0000000000001d48       0x50 build/default/production/LCD_GFX.o
                0x0000000000001d48                LCD_setScreen

.text.libgcc.div
                0x0000000000001d98       0x44
 .text.libgcc.div
                0x0000000000001d98       0x44 /Applications/microchip/xc8/v2.50/avr/bin/../lib/gcc/avr/5.4.0/avr5/libgcc.a(_udivmodsi4.o)
                0x0000000000001d98                __udivmodsi4

.text.__fmt_state
                0x0000000000001ddc       0x40
 .text.__fmt_state
                0x0000000000001ddc       0x40 /Applications/microchip/xc8/v2.50/avr/bin/../lib/gcc/avr/5.4.0/../../../../avr/lib/avr5/libc.a(__printf_core.o)
                0x0000000000001ddc                __fmt_state

.text.__out     0x0000000000001e1c       0x3a
 .text.__out    0x0000000000001e1c       0x3a /Applications/microchip/xc8/v2.50/avr/bin/../lib/gcc/avr/5.4.0/../../../../avr/lib/avr5/libc.a(__printf_core.o)
                0x0000000000001e1c                __out

.text.libgcc.prologue
                0x0000000000001e56       0x38
 .text.libgcc.prologue
                0x0000000000001e56       0x38 /Applications/microchip/xc8/v2.50/avr/bin/../lib/gcc/avr/5.4.0/avr5/libgcc.a(_prologue.o)
                0x0000000000001e56                __prologue_saves__

.text.libgcc.prologue
                0x0000000000001e8e       0x36
 .text.libgcc.prologue
                0x0000000000001e8e       0x36 /Applications/microchip/xc8/v2.50/avr/bin/../lib/gcc/avr/5.4.0/avr5/libgcc.a(_epilogue.o)
                0x0000000000001e8e                __epilogue_restores__

.text.clearHitter
                0x0000000000001ec4       0x30
 .text.clearHitter
                0x0000000000001ec4       0x30 build/default/production/game.o
                0x0000000000001ec4                clearHitter

.text.__vfprintf
                0x0000000000001ef4       0x30
 .text.__vfprintf
                0x0000000000001ef4       0x30 /Applications/microchip/xc8/v2.50/avr/bin/../lib/gcc/avr/5.4.0/../../../../avr/lib/avr5/libc.a(__int_vfprintf.o)
                0x0000000000001ef4                __vfprintf

.text.reset     0x0000000000001f24       0x2a
 .text.reset    0x0000000000001f24       0x2a build/default/production/game.o
                0x0000000000001f24                reset

.text.libgcc.div
                0x0000000000001f4e       0x28
 .text.libgcc.div
                0x0000000000001f4e       0x28 /Applications/microchip/xc8/v2.50/avr/bin/../lib/gcc/avr/5.4.0/avr5/libgcc.a(_divmodhi4.o)
                0x0000000000001f4e                __divmodhi4
                0x0000000000001f4e                _div

.text.libgcc.div
                0x0000000000001f76       0x28
 .text.libgcc.div
                0x0000000000001f76       0x28 /Applications/microchip/xc8/v2.50/avr/bin/../lib/gcc/avr/5.4.0/avr5/libgcc.a(_udivmodhi4.o)
                0x0000000000001f76                __udivmodhi4

.text.moveBallUp
                0x0000000000001f9e       0x26
 .text.moveBallUp
                0x0000000000001f9e       0x26 build/default/production/game.o
                0x0000000000001f9e                moveBallUp

.text.__wrap_sprintf
                0x0000000000001fc4       0x24
 .text.__wrap_sprintf
                0x0000000000001fc4       0x24 /Applications/microchip/xc8/v2.50/avr/bin/../lib/gcc/avr/5.4.0/../../../../avr/lib/avr5/libc.a(__sio_sprintf_doux.o)
                0x0000000000001fc4                _sprintf_cdopuxX

.text.SPI_ControllerTx_16bit
                0x0000000000001fe8       0x22
 .text.SPI_ControllerTx_16bit
                0x0000000000001fe8       0x22 build/default/production/old/ST7735.o
                0x0000000000001fe8                SPI_ControllerTx_16bit

.text.clearBall
                0x000000000000200a       0x22
 .text.clearBall
                0x000000000000200a       0x22 build/default/production/game.o
                0x000000000000200a                clearBall

.text.UART_init
                0x000000000000202c       0x1e
 .text.UART_init
                0x000000000000202c       0x1e build/default/production/UART.o
                0x000000000000202c                UART_init

.text.UART_putstring
                0x000000000000204a       0x1e
 .text.UART_putstring
                0x000000000000204a       0x1e build/default/production/UART.o
                0x000000000000204a                UART_putstring

.text.UART1_init
                0x0000000000002068       0x1e
 .text.UART1_init
                0x0000000000002068       0x1e build/default/production/UART1.o
                0x0000000000002068                UART1_init

.text.strlen    0x0000000000002086       0x1c
 .text.strlen   0x0000000000002086       0x1c /Applications/microchip/xc8/v2.50/avr/bin/../lib/gcc/avr/5.4.0/../../../../avr/lib/avr5/libc.a(strlen.o)
                0x0000000000002086                strlen

.text.LCD_drawPixel
                0x00000000000020a2       0x1a
 .text.LCD_drawPixel
                0x00000000000020a2       0x1a build/default/production/LCD_GFX.o
                0x00000000000020a2                LCD_drawPixel

.text.Delay_ms  0x00000000000020bc       0x16
 .text.Delay_ms
                0x00000000000020bc       0x16 build/default/production/old/ST7735.o
                0x00000000000020bc                Delay_ms

.text.exit      0x00000000000020d2       0x16
 .text.exit     0x00000000000020d2       0x16 /Applications/microchip/xc8/v2.50/avr/bin/../lib/gcc/avr/5.4.0/../../../../avr/lib/avr5/libc.a(exit.o)
                0x00000000000020d2                exit

.text.drawBall  0x00000000000020e8       0x12
 .text.drawBall
                0x00000000000020e8       0x12 build/default/production/game.o
                0x00000000000020e8                drawBall

.text.toupper   0x00000000000020fa       0x12
 .text.toupper  0x00000000000020fa       0x12 /Applications/microchip/xc8/v2.50/avr/bin/../lib/gcc/avr/5.4.0/../../../../avr/lib/avr5/libc.a(toupper.o)
                0x00000000000020fa                toupper

.text.SPI_ControllerTx_stream
                0x000000000000210c       0x10
 .text.SPI_ControllerTx_stream
                0x000000000000210c       0x10 build/default/production/old/ST7735.o
                0x000000000000210c                SPI_ControllerTx_stream

.text.UART_send
                0x000000000000211c       0x10
 .text.UART_send
                0x000000000000211c       0x10 build/default/production/UART.o
                0x000000000000211c                UART_send

.text.UART1_Receive
                0x000000000000212c       0x10
 .text.UART1_Receive
                0x000000000000212c       0x10 build/default/production/UART1.o
                0x000000000000212c                UART1_Receive

.text.tolower   0x000000000000213c       0x10
 .text.tolower  0x000000000000213c       0x10 /Applications/microchip/xc8/v2.50/avr/bin/../lib/gcc/avr/5.4.0/../../../../avr/lib/avr5/libc.a(tolower.o)
                0x000000000000213c                tolower

.text.__vsprintf
                0x000000000000214c        0xe
 .text.__vsprintf
                0x000000000000214c        0xe /Applications/microchip/xc8/v2.50/avr/bin/../lib/gcc/avr/5.4.0/../../../../avr/lib/avr5/libc.a(__int_vsprintf.o)
                0x000000000000214c                __vsprintf

.text           0x000000000000215a        0x4
 .text          0x000000000000215a        0x4 /Applications/microchip/mplabx/v6.20/packs/Microchip/ATmega_DFP/3.1.264/xc8/avr/lib/avr5/crtatmega328pb.o
                0x000000000000215a                __vector_42
                0x000000000000215a                __vector_22
                0x000000000000215a                __vector_28
                0x000000000000215a                __vector_1
                0x000000000000215a                __vector_32
                0x000000000000215a                __vector_34
                0x000000000000215a                __vector_24
                0x000000000000215a                __vector_12
                0x000000000000215a                __bad_interrupt
                0x000000000000215a                __vector_6
                0x000000000000215a                __vector_31
                0x000000000000215a                __vector_35
                0x000000000000215a                __vector_39
                0x000000000000215a                __vector_3
                0x000000000000215a                __vector_23
                0x000000000000215a                __vector_30
                0x000000000000215a                __vector_25
                0x000000000000215a                __vector_11
                0x000000000000215a                __vector_13
                0x000000000000215a                __vector_17
                0x000000000000215a                __vector_19
                0x000000000000215a                __vector_7
                0x000000000000215a                __vector_41
                0x000000000000215a                __vector_43
                0x000000000000215a                __vector_27
                0x000000000000215a                __vector_5
                0x000000000000215a                __vector_33
                0x000000000000215a                __vector_37
                0x000000000000215a                __vector_4
                0x000000000000215a                __vector_44
                0x000000000000215a                __vector_9
                0x000000000000215a                __vector_2
                0x000000000000215a                __vector_21
                0x000000000000215a                __vector_15
                0x000000000000215a                __vector_36
                0x000000000000215a                __vector_29
                0x000000000000215a                __vector_40
                0x000000000000215a                __vector_8
                0x000000000000215a                __vector_26
                0x000000000000215a                __vector_14
                0x000000000000215a                __vector_10
                0x000000000000215a                __vector_16
                0x000000000000215a                __vector_18
                0x000000000000215a                __vector_20
                0x000000000000215a                __vector_38

.text._Exit     0x000000000000215e        0x4
 .text._Exit    0x000000000000215e        0x4 /Applications/microchip/xc8/v2.50/avr/bin/../lib/gcc/avr/5.4.0/../../../../avr/lib/avr5/libc.a(_Exit.o)
                0x000000000000215e                _Exit

.text.__dummy_fini
                0x0000000000002162        0x2
 .text.__dummy_fini
                0x0000000000002162        0x2 /Applications/microchip/xc8/v2.50/avr/bin/../lib/gcc/avr/5.4.0/../../../../avr/lib/avr5/libc.a(exit.o)
                0x0000000000002162                _fini

.text.__dummy_funcs_on_exit
                0x0000000000002164        0x2
 .text.__dummy_funcs_on_exit
                0x0000000000002164        0x2 /Applications/microchip/xc8/v2.50/avr/bin/../lib/gcc/avr/5.4.0/../../../../avr/lib/avr5/libc.a(exit.o)
                0x0000000000002164                __funcs_on_exit

.text.__dummy_simulator_exit
                0x0000000000002166        0x2
 .text.__dummy_simulator_exit
                0x0000000000002166        0x2 /Applications/microchip/xc8/v2.50/avr/bin/../lib/gcc/avr/5.4.0/../../../../avr/lib/avr5/libc.a(exit.o)
                0x0000000000002166                __simulator_exit

.rodata.ASCII   0x0000000000800102      0x1e0 load address 0x0000000000002168
 .rodata.ASCII  0x0000000000800102      0x1e0 build/default/production/LCD_GFX.o

.rodata         0x00000000008002e2       0x92 load address 0x0000000000002348
 .rodata        0x00000000008002e2       0x92 build/default/production/newmain.o

.data.ST7735_cmds.2171
                0x0000000000800374       0x85 load address 0x00000000000023da
 .data.ST7735_cmds.2171
                0x0000000000800374       0x85 build/default/production/old/ST7735.o

.rodata         0x00000000008003f9       0x80 load address 0x000000000000245f
 .rodata        0x00000000008003f9       0x80 build/default/production/game.o

.rodata.state_table
                0x0000000000800479       0x16 load address 0x00000000000024df
 .rodata.state_table
                0x0000000000800479       0x16 /Applications/microchip/xc8/v2.50/avr/bin/../lib/gcc/avr/5.4.0/../../../../avr/lib/avr5/libc.a(__printf_core.o)

.rodata.nuls.2781
                0x000000000080048f        0x7 load address 0x00000000000024f5
 .rodata.nuls.2781
                0x000000000080048f        0x7 /Applications/microchip/xc8/v2.50/avr/bin/../lib/gcc/avr/5.4.0/../../../../avr/lib/avr5/libc.a(__fmt_s.o)

.rodata.nilstr.2962
                0x0000000000800496        0x6 load address 0x00000000000024fc
 .rodata.nilstr.2962
                0x0000000000800496        0x6 /Applications/microchip/xc8/v2.50/avr/bin/../lib/gcc/avr/5.4.0/../../../../avr/lib/avr5/libc.a(__printf_core.o)

.data.singlemessage
                0x000000000080049c        0x1 load address 0x0000000000002502
 .data.singlemessage
                0x000000000080049c        0x1 build/default/production/game.o
                0x000000000080049c                singlemessage
